Component: ARM Compiler 5.05 update 1 (build 106) Tool: armlink [4d0efa]

==============================================================================

Section Cross References

    startup_stm32f407xx.o(RESET) refers to startup_stm32f407xx.o(STACK) for __initial_sp
    startup_stm32f407xx.o(RESET) refers to startup_stm32f407xx.o(.text) for Reset_Handler
    startup_stm32f407xx.o(RESET) refers to stm32f4xx_it.o(i.NMI_Handler) for NMI_Handler
    startup_stm32f407xx.o(RESET) refers to stm32f4xx_it.o(i.HardFault_Handler) for HardFault_Handler
    startup_stm32f407xx.o(RESET) refers to stm32f4xx_it.o(i.MemManage_Handler) for MemManage_Handler
    startup_stm32f407xx.o(RESET) refers to stm32f4xx_it.o(i.BusFault_Handler) for BusFault_Handler
    startup_stm32f407xx.o(RESET) refers to stm32f4xx_it.o(i.UsageFault_Handler) for UsageFault_Handler
    startup_stm32f407xx.o(RESET) refers to stm32f4xx_it.o(i.SVC_Handler) for SVC_Handler
    startup_stm32f407xx.o(RESET) refers to stm32f4xx_it.o(i.DebugMon_Handler) for DebugMon_Handler
    startup_stm32f407xx.o(RESET) refers to stm32f4xx_it.o(i.PendSV_Handler) for PendSV_Handler
    startup_stm32f407xx.o(RESET) refers to stm32f4xx_it.o(i.SysTick_Handler) for SysTick_Handler
    startup_stm32f407xx.o(RESET) refers to stm32f4xx_it.o(i.ADC_IRQHandler) for ADC_IRQHandler
    startup_stm32f407xx.o(RESET) refers to stm32f4xx_it.o(i.TIM8_BRK_TIM12_IRQHandler) for TIM8_BRK_TIM12_IRQHandler
    startup_stm32f407xx.o(RESET) refers to stm32f4xx_it.o(i.TIM5_IRQHandler) for TIM5_IRQHandler
    startup_stm32f407xx.o(RESET) refers to stm32f4xx_it.o(i.DMA2_Stream0_IRQHandler) for DMA2_Stream0_IRQHandler
    startup_stm32f407xx.o(.text) refers to system_stm32f4xx.o(i.SystemInit) for SystemInit
    startup_stm32f407xx.o(.text) refers to entry.o(.ARM.Collect$$$$00000000) for __main
    oled.o(i.oled_LOGO) refers to oled.o(i.oled_clear) for oled_clear
    oled.o(i.oled_LOGO) refers to oled.o(i.oled_drawpoint) for oled_drawpoint
    oled.o(i.oled_LOGO) refers to oled.o(i.oled_refresh_gram) for oled_refresh_gram
    oled.o(i.oled_LOGO) refers to oled.o(.constdata) for .constdata
    oled.o(i.oled_clear) refers to oled.o(.bss) for .bss
    oled.o(i.oled_display_off) refers to oled.o(i.oled_write_byte) for oled_write_byte
    oled.o(i.oled_display_on) refers to oled.o(i.oled_write_byte) for oled_write_byte
    oled.o(i.oled_drawline) refers to oled.o(i.oled_drawpoint) for oled_drawpoint
    oled.o(i.oled_drawpoint) refers to oled.o(.bss) for .bss
    oled.o(i.oled_init) refers to stm32f4xx_hal_gpio.o(i.HAL_GPIO_WritePin) for HAL_GPIO_WritePin
    oled.o(i.oled_init) refers to stm32f4xx_hal.o(i.HAL_Delay) for HAL_Delay
    oled.o(i.oled_init) refers to oled.o(i.oled_write_byte) for oled_write_byte
    oled.o(i.oled_init) refers to oled.o(i.oled_clear) for oled_clear
    oled.o(i.oled_init) refers to oled.o(i.oled_set_pos) for oled_set_pos
    oled.o(i.oled_printf) refers to memseta.o(.text) for __aeabi_memclr4
    oled.o(i.oled_printf) refers to printfa.o(i.__0vsprintf) for vsprintf
    oled.o(i.oled_printf) refers to oled.o(i.oled_showstring) for oled_showstring
    oled.o(i.oled_refresh_gram) refers to oled.o(i.oled_set_pos) for oled_set_pos
    oled.o(i.oled_refresh_gram) refers to oled.o(i.oled_write_byte) for oled_write_byte
    oled.o(i.oled_refresh_gram) refers to oled.o(.bss) for .bss
    oled.o(i.oled_set_pos) refers to oled.o(i.oled_write_byte) for oled_write_byte
    oled.o(i.oled_showchar) refers to oled.o(i.oled_drawpoint) for oled_drawpoint
    oled.o(i.oled_showchar) refers to oled.o(.constdata) for .constdata
    oled.o(i.oled_shownum) refers to oled.o(i.oled_showchar) for oled_showchar
    oled.o(i.oled_showstring) refers to oled.o(i.oled_showchar) for oled_showchar
    oled.o(i.oled_write_byte) refers to stm32f4xx_hal_gpio.o(i.HAL_GPIO_WritePin) for HAL_GPIO_WritePin
    pid.o(i.Pid_Calc) refers to f2d.o(.text) for __aeabi_f2d
    pid.o(i.Pid_Calc) refers to pid.o(i.PID_Limit_Max) for PID_Limit_Max
    pid.o(i.Pid_Calc) refers to dadd.o(.text) for __aeabi_dadd
    pid.o(i.Pid_Calc) refers to d2f.o(.text) for __aeabi_d2f
    pid.o(i.Pid_Callback) refers to memcmp.o(.text) for memcmp
    pid.o(i.Pid_Callback) refers to pid.o(i.Pid_Init) for Pid_Init
    inv_mpu.o(i.accel_self_test) refers to inv_mpu.o(i.get_accel_prod_shift) for get_accel_prod_shift
    inv_mpu.o(i.get_accel_prod_shift) refers to mpu6050driver.o(i.HAL_i2c_read) for HAL_i2c_read
    inv_mpu.o(i.get_accel_prod_shift) refers to inv_mpu.o(.data) for .data
    inv_mpu.o(i.get_st_biases) refers to mpu6050driver.o(i.HAL_i2c_write) for HAL_i2c_write
    inv_mpu.o(i.get_st_biases) refers to stm32f4xx_hal.o(i.HAL_Delay) for HAL_Delay
    inv_mpu.o(i.get_st_biases) refers to mpu6050driver.o(i.HAL_i2c_read) for HAL_i2c_read
    inv_mpu.o(i.get_st_biases) refers to ldiv.o(.text) for __aeabi_ldivmod
    inv_mpu.o(i.get_st_biases) refers to inv_mpu.o(.data) for .data
[...]
    ..\Drivers\STM32F4xx_HAL_Driver\Src\stm32f4xx_hal_rcc.c 0x00000000   Number         0  stm32f4xx_hal_rcc.o ABSOLUTE
    ..\Drivers\STM32F4xx_HAL_Driver\Src\stm32f4xx_hal_rcc_ex.c 0x00000000   Number         0  stm32f4xx_hal_rcc_ex.o ABSOLUTE
    ..\Drivers\STM32F4xx_HAL_Driver\Src\stm32f4xx_hal_tim.c 0x00000000   Number         0  stm32f4xx_hal_tim.o ABSOLUTE
    ..\Drivers\STM32F4xx_HAL_Driver\Src\stm32f4xx_hal_tim_ex.c 0x00000000   Number         0  stm32f4xx_hal_tim_ex.o ABSOLUTE
    ..\Drivers\STM32F4xx_HAL_Driver\Src\stm32f4xx_hal_uart.c 0x00000000   Number         0  stm32f4xx_hal_uart.o ABSOLUTE
    ..\Src\adc.c                             0x00000000   Number         0  adc.o ABSOLUTE
    ..\Src\dma.c                             0x00000000   Number         0  dma.o ABSOLUTE
    ..\Src\gpio.c                            0x00000000   Number         0  gpio.o ABSOLUTE
    ..\Src\i2c.c                             0x00000000   Number         0  i2c.o ABSOLUTE
    ..\Src\main.c                            0x00000000   Number         0  main.o ABSOLUTE
    ..\Src\stm32f4xx_hal_msp.c               0x00000000   Number         0  stm32f4xx_hal_msp.o ABSOLUTE
    ..\Src\stm32f4xx_it.c                    0x00000000   Number         0  stm32f4xx_it.o ABSOLUTE
    ..\Src\system_stm32f4xx.c                0x00000000   Number         0  system_stm32f4xx.o ABSOLUTE
    ..\Src\tim.c                             0x00000000   Number         0  tim.o ABSOLUTE
    ..\Src\usart.c                           0x00000000   Number         0  usart.o ABSOLUTE
    ..\\BSP\\MPU6050\\inv_mpu.c              0x00000000   Number         0  inv_mpu.o ABSOLUTE
    ..\\BSP\\MPU6050\\inv_mpu_dmp_motion_driver.c 0x00000000   Number         0  inv_mpu_dmp_motion_driver.o ABSOLUTE
    ..\\BSP\\MPU6050\\mpu6050Driver.c        0x00000000   Number         0  mpu6050driver.o ABSOLUTE
    ..\\BSP\\oled.c                          0x00000000   Number         0  oled.o ABSOLUTE
    cdcmple.s                                0x00000000   Number         0  cdcmple.o ABSOLUTE
    cdrcmple.s                               0x00000000   Number         0  cdrcmple.o ABSOLUTE
    dc.s                                     0x00000000   Number         0  dc.o ABSOLUTE
    handlers.s                               0x00000000   Number         0  handlers.o ABSOLUTE
    init.s                                   0x00000000   Number         0  init.o ABSOLUTE
    pid.c                                    0x00000000   Number         0  pid.o ABSOLUTE
    startup_stm32f407xx.s                    0x00000000   Number         0  startup_stm32f407xx.o ABSOLUTE
    RESET                                    0x08000000   Section      392  startup_stm32f407xx.o(RESET)
    .ARM.Collect$$$$00000000                 0x08000188   Section        0  entry.o(.ARM.Collect$$$$00000000)
    .ARM.Collect$$$$00000001                 0x08000188   Section        4  entry2.o(.ARM.Collect$$$$00000001)
    .ARM.Collect$$$$00000004                 0x0800018c   Section        4  entry5.o(.ARM.Collect$$$$00000004)
    .ARM.Collect$$$$00000008                 0x08000190   Section        0  entry7b.o(.ARM.Collect$$$$00000008)
    .ARM.Collect$$$$0000000A                 0x08000190   Section        0  entry8b.o(.ARM.Collect$$$$0000000A)
    .ARM.Collect$$$$0000000B                 0x08000190   Section        8  entry9a.o(.ARM.Collect$$$$0000000B)
    .ARM.Collect$$$$0000000D                 0x08000198   Section        0  entry10a.o(.ARM.Collect$$$$0000000D)
    .ARM.Collect$$$$0000000F                 0x08000198   Section        0  entry11a.o(.ARM.Collect$$$$0000000F)
    .ARM.Collect$$$$00002712                 0x08000198   Section        4  entry2.o(.ARM.Collect$$$$00002712)
    __lit__00000000                          0x08000198   Data           4  entry2.o(.ARM.Collect$$$$00002712)
    .text                                    0x0800019c   Section       36  startup_stm32f407xx.o(.text)
    $v0                                      0x0800019c   Number         0  startup_stm32f407xx.o(.text)
    .text                                    0x080001c0   Section        0  uldiv.o(.text)
    .text                                    0x08000222   Section        0  memseta.o(.text)
    .text                                    0x08000246   Section        0  dadd.o(.text)
    .text                                    0x08000394   Section        0  dmul.o(.text)
    .text                                    0x08000478   Section        0  ddiv.o(.text)
    .text                                    0x08000556   Section        0  f2d.o(.text)
    .text                                    0x0800057c   Section        0  d2f.o(.text)
    .text                                    0x080005b4   Section        0  uidiv.o(.text)
    .text                                    0x080005e0   Section        0  llshl.o(.text)
    .text                                    0x080005fe   Section        0  llushr.o(.text)
    .text                                    0x0800061e   Section        0  llsshr.o(.text)
    .text                                    0x08000642   Section        0  iusefp.o(.text)
    .text                                    0x08000642   Section        0  fepilogue.o(.text)
    .text                                    0x080006b0   Section        0  depilogue.o(.text)
    .text                                    0x0800076a   Section        0  dfixul.o(.text)
    .text                                    0x0800079c   Section       48  cdrcmple.o(.text)
    .text                                    0x080007cc   Section       36  init.o(.text)
    .text                                    0x080007f0   Section        0  dsqrt.o(.text)
    i.ADC_DMAConvCplt                        0x08000892   Section        0  stm32f4xx_hal_adc.o(i.ADC_DMAConvCplt)
    ADC_DMAConvCplt                          0x08000893   Thumb Code   110  stm32f4xx_hal_adc.o(i.ADC_DMAConvCplt)
    i.ADC_DMAError                           0x08000900   Section        0  stm32f4xx_hal_adc.o(i.ADC_DMAError)
    ADC_DMAError                             0x08000901   Thumb Code    22  stm32f4xx_hal_adc.o(i.ADC_DMAError)
    i.ADC_DMAHalfConvCplt                    0x08000916   Section        0  stm32f4xx_hal_adc.o(i.ADC_DMAHalfConvCplt)
    ADC_DMAHalfConvCplt                      0x08000917   Thumb Code    10  stm32f4xx_hal_adc.o(i.ADC_DMAHalfConvCplt)
    i.ADC_IRQHandler                         0x08000920   Section        0  stm32f4xx_it.o(i.ADC_IRQHandler)
    i.ADC_Init                               0x0800092c   Section        0  stm32f4xx_hal_adc.o(i.ADC_Init)
    ADC_Init                                 0x0800092d   Thumb Code   284  stm32f4xx_hal_adc.o(i.ADC_Init)
    i.BusFault_Handler                       0x08000a54   Section        0  stm32f4xx_it.o(i.BusFault_Handler)
    i.DMA2_Stream0_IRQHandler                0x08000a58   Section        0  stm32f4xx_it.o(i.DMA2_Stream0_IRQHandler)
    i.DMA_CalcBaseAndBitshift                0x08000a64   Section        0  stm32f4xx_hal_dma.o(i.DMA_CalcBaseAndBitshift)
    DMA_CalcBaseAndBitshift                  0x08000a65   Thumb Code    34  stm32f4xx_hal_dma.o(i.DMA_CalcBaseAndBitshift)
    i.DMA_CheckFifoParam                     0x08000a8c   Section        0  stm32f4xx_hal_dma.o(i.DMA_CheckFifoParam)
    DMA_CheckFifoParam                       0x08000a8d   Thumb Code    84  stm32f4xx_hal_dma.o(i.DMA_CheckFifoParam)
    i.DMA_SetConfig                          0x08000ae0   Section        0  stm32f4xx_hal_dma.o(i.DMA_SetConfig)
    DMA_SetConfig                            0x08000ae1   Thumb Code    40  stm32f4xx_hal_dma.o(i.DMA_SetConfig)
    i.DebugMon_Handler                       0x08000b08   Section        0  stm32f4xx_it.o(i.DebugMon_Handler)
    i.Error_Handler                          0x08000b0a   Section        0  main.o(i.Error_Handler)
    i.HAL_ADCEx_InjectedConvCpltCallback     0x08000b0e   Section        0  stm32f4xx_hal_adc_ex.o(i.HAL_ADCEx_InjectedConvCpltCallback)
    i.HAL_ADC_ConfigChannel                  0x08000b10   Section        0  stm32f4xx_hal_adc.o(i.HAL_ADC_ConfigChannel)
    i.HAL_ADC_ConvCpltCallback               0x08000c5c   Section        0  stm32f4xx_hal_adc.o(i.HAL_ADC_ConvCpltCallback)
    i.HAL_ADC_ConvHalfCpltCallback           0x08000c5e   Section        0  stm32f4xx_hal_adc.o(i.HAL_ADC_ConvHalfCpltCallback)
    i.HAL_ADC_ErrorCallback                  0x08000c60   Section        0  stm32f4xx_hal_adc.o(i.HAL_ADC_ErrorCallback)
    i.HAL_ADC_IRQHandler                     0x08000c62   Section        0  stm32f4xx_hal_adc.o(i.HAL_ADC_IRQHandler)
    i.HAL_ADC_Init                           0x08000d9e   Section        0  stm32f4xx_hal_adc.o(i.HAL_ADC_Init)
    i.HAL_ADC_LevelOutOfWindowCallback       0x08000df2   Section        0  stm32f4xx_hal_adc.o(i.HAL_ADC_LevelOutOfWindowCallback)
    i.HAL_ADC_MspInit                        0x08000df4   Section        0  adc.o(i.HAL_ADC_MspInit)
    i.HAL_ADC_Start_DMA                      0x08000ea0   Section        0  stm32f4xx_hal_adc.o(i.HAL_ADC_Start_DMA)
    i.HAL_DMA_IRQHandler                     0x08000fd0   Section        0  stm32f4xx_hal_dma.o(i.HAL_DMA_IRQHandler)
    i.HAL_DMA_Init                           0x08001170   Section        0  stm32f4xx_hal_dma.o(i.HAL_DMA_Init)
    i.HAL_DMA_Start_IT                       0x08001244   Section        0  stm32f4xx_hal_dma.o(i.HAL_DMA_Start_IT)
    i.HAL_Delay                              0x080012b4   Section        0  stm32f4xx_hal.o(i.HAL_Delay)
    i.HAL_GPIO_Init                          0x080012d8   Section        0  stm32f4xx_hal_gpio.o(i.HAL_GPIO_Init)
    i.HAL_GPIO_TogglePin                     0x08001490   Section        0  stm32f4xx_hal_gpio.o(i.HAL_GPIO_TogglePin)
    i.HAL_GPIO_WritePin                      0x0800149e   Section        0  stm32f4xx_hal_gpio.o(i.HAL_GPIO_WritePin)
    i.HAL_GetTick                            0x080014a8   Section        0  stm32f4xx_hal.o(i.HAL_GetTick)
    i.HAL_I2C_GetState                       0x080014b4   Section        0  stm32f4xx_hal_i2c.o(i.HAL_I2C_GetState)
    i.HAL_I2C_Init                           0x080014bc   Section        0  stm32f4xx_hal_i2c.o(i.HAL_I2C_Init)
    i.HAL_I2C_IsDeviceReady                  0x08001644   Section        0  stm32f4xx_hal_i2c.o(i.HAL_I2C_IsDeviceReady)
    i.HAL_I2C_Mem_Read                       0x080017b0   Section        0  stm32f4xx_hal_i2c.o(i.HAL_I2C_Mem_Read)
    i.HAL_I2C_Mem_Write                      0x080019a8   Section        0  stm32f4xx_hal_i2c.o(i.HAL_I2C_Mem_Write)
    i.HAL_I2C_MspInit                        0x08001ad8   Section        0  i2c.o(i.HAL_I2C_MspInit)
    i.HAL_IncTick                            0x08001b40   Section        0  stm32f4xx_hal.o(i.HAL_IncTick)
    i.HAL_Init                               0x08001b50   Section        0  stm32f4xx_hal.o(i.HAL_Init)
    i.HAL_InitTick                           0x08001b84   Section        0  stm32f4xx_hal.o(i.HAL_InitTick)
    i.HAL_MspInit                            0x08001bc4   Section        0  stm32f4xx_hal_msp.o(i.HAL_MspInit)
    i.HAL_NVIC_EnableIRQ                     0x08001bf4   Section        0  stm32f4xx_hal_cortex.o(i.HAL_NVIC_EnableIRQ)
    i.HAL_NVIC_SetPriority                   0x08001c10   Section        0  stm32f4xx_hal_cortex.o(i.HAL_NVIC_SetPriority)
    i.HAL_NVIC_SetPriorityGrouping           0x08001c50   Section        0  stm32f4xx_hal_cortex.o(i.HAL_NVIC_SetPriorityGrouping)
    i.HAL_RCC_ClockConfig                    0x08001c74   Section        0  stm32f4xx_hal_rcc.o(i.HAL_RCC_ClockConfig)
    i.HAL_RCC_GetPCLK1Freq                   0x08001da8   Section        0  stm32f4xx_hal_rcc.o(i.HAL_RCC_GetPCLK1Freq)
    i.HAL_RCC_GetPCLK2Freq                   0x08001dc8   Section        0  stm32f4xx_hal_rcc.o(i.HAL_RCC_GetPCLK2Freq)
    i.HAL_RCC_GetSysClockFreq                0x08001de8   Section        0  stm32f4xx_hal_rcc.o(i.HAL_RCC_GetSysClockFreq)
    i.HAL_RCC_OscConfig                      0x08001e48   Section        0  stm32f4xx_hal_rcc.o(i.HAL_RCC_OscConfig)
    i.HAL_SYSTICK_Config                     0x080021a4   Section        0  stm32f4xx_hal_cortex.o(i.HAL_SYSTICK_Config)
    i.HAL_TIMEx_BreakCallback                0x080021cc   Section        0  stm32f4xx_hal_tim_ex.o(i.HAL_TIMEx_BreakCallback)
    i.HAL_TIMEx_CommutCallback               0x080021ce   Section        0  stm32f4xx_hal_tim_ex.o(i.HAL_TIMEx_CommutCallback)
    i.HAL_TIMEx_ConfigBreakDeadTime          0x080021d0   Section        0  stm32f4xx_hal_tim_ex.o(i.HAL_TIMEx_ConfigBreakDeadTime)
    i.HAL_TIMEx_MasterConfigSynchronization  0x08002224   Section        0  stm32f4xx_hal_tim_ex.o(i.HAL_TIMEx_MasterConfigSynchronization)
    i.HAL_TIM_Base_Init                      0x080022b4   Section        0  stm32f4xx_hal_tim.o(i.HAL_TIM_Base_Init)
    i.HAL_TIM_Base_MspInit                   0x080022ec   Section        0  tim.o(i.HAL_TIM_Base_MspInit)
    i.HAL_TIM_Base_Start_IT                  0x08002350   Section        0  stm32f4xx_hal_tim.o(i.HAL_TIM_Base_Start_IT)
    i.HAL_TIM_ConfigClockSource              0x08002372   Section        0  stm32f4xx_hal_tim.o(i.HAL_TIM_ConfigClockSource)
    i.HAL_TIM_Encoder_Init                   0x08002448   Section        0  stm32f4xx_hal_tim.o(i.HAL_TIM_Encoder_Init)
    i.HAL_TIM_Encoder_MspInit                0x080024e0   Section        0  tim.o(i.HAL_TIM_Encoder_MspInit)
    i.HAL_TIM_Encoder_Start_IT               0x080025b4   Section        0  stm32f4xx_hal_tim.o(i.HAL_TIM_Encoder_Start_IT)
    i.HAL_TIM_IC_CaptureCallback             0x08002610   Section        0  stm32f4xx_hal_tim.o(i.HAL_TIM_IC_CaptureCallback)
    i.HAL_TIM_IRQHandler                     0x08002612   Section        0  stm32f4xx_hal_tim.o(i.HAL_TIM_IRQHandler)
    i.HAL_TIM_MspPostInit                    0x08002778   Section        0  tim.o(i.HAL_TIM_MspPostInit)
    i.HAL_TIM_OC_DelayElapsedCallback        0x080027cc   Section        0  stm32f4xx_hal_tim.o(i.HAL_TIM_OC_DelayElapsedCallback)
    i.HAL_TIM_PWM_ConfigChannel              0x080027ce   Section        0  stm32f4xx_hal_tim.o(i.HAL_TIM_PWM_ConfigChannel)
    i.HAL_TIM_PWM_Init                       0x0800289e   Section        0  stm32f4xx_hal_tim.o(i.HAL_TIM_PWM_Init)
    i.HAL_TIM_PWM_MspInit                    0x080028d4   Section        0  tim.o(i.HAL_TIM_PWM_MspInit)
    i.HAL_TIM_PWM_PulseFinishedCallback      0x080028fc   Section        0  stm32f4xx_hal_tim.o(i.HAL_TIM_PWM_PulseFinishedCallback)
    i.HAL_TIM_PWM_Start                      0x08002900   Section        0  stm32f4xx_hal_tim.o(i.HAL_TIM_PWM_Start)
    i.HAL_TIM_PeriodElapsedCallback          0x08002944   Section        0  main.o(i.HAL_TIM_PeriodElapsedCallback)
    i.HAL_TIM_TriggerCallback                0x08002946   Section        0  stm32f4xx_hal_tim.o(i.HAL_TIM_TriggerCallback)
    i.HAL_UART_Init                          0x08002948   Section        0  stm32f4xx_hal_uart.o(i.HAL_UART_Init)
    i.HAL_UART_MspInit                       0x080029ac   Section        0  usart.o(i.HAL_UART_MspInit)
    i.HAL_UART_Transmit                      0x08002a94   Section        0  stm32f4xx_hal_uart.o(i.HAL_UART_Transmit)
    i.HAL_i2c_read                           0x08002b50   Section        0  mpu6050driver.o(i.HAL_i2c_read)
    i.HAL_i2c_write                          0x08002b84   Section        0  mpu6050driver.o(i.HAL_i2c_write)
    i.HardFault_Handler                      0x08002bb4   Section        0  stm32f4xx_it.o(i.HardFault_Handler)
    i.I2C_IsAcknowledgeFailed                0x08002bb6   Section        0  stm32f4xx_hal_i2c.o(i.I2C_IsAcknowledgeFailed)
    I2C_IsAcknowledgeFailed                  0x08002bb7   Thumb Code    46  stm32f4xx_hal_i2c.o(i.I2C_IsAcknowledgeFailed)
    i.I2C_RequestMemoryRead                  0x08002be4   Section        0  stm32f4xx_hal_i2c.o(i.I2C_RequestMemoryRead)
    I2C_RequestMemoryRead                    0x08002be5   Thumb Code   246  stm32f4xx_hal_i2c.o(i.I2C_RequestMemoryRead)
    i.I2C_RequestMemoryWrite                 0x08002ce0   Section        0  stm32f4xx_hal_i2c.o(i.I2C_RequestMemoryWrite)
    I2C_RequestMemoryWrite                   0x08002ce1   Thumb Code   162  stm32f4xx_hal_i2c.o(i.I2C_RequestMemoryWrite)
    i.I2C_WaitOnBTFFlagUntilTimeout          0x08002d88   Section        0  stm32f4xx_hal_i2c.o(i.I2C_WaitOnBTFFlagUntilTimeout)
    I2C_WaitOnBTFFlagUntilTimeout            0x08002d89   Thumb Code    76  stm32f4xx_hal_i2c.o(i.I2C_WaitOnBTFFlagUntilTimeout)
    i.I2C_WaitOnFlagUntilTimeout             0x08002dd4   Section        0  stm32f4xx_hal_i2c.o(i.I2C_WaitOnFlagUntilTimeout)
    I2C_WaitOnFlagUntilTimeout               0x08002dd5   Thumb Code   104  stm32f4xx_hal_i2c.o(i.I2C_WaitOnFlagUntilTimeout)
    i.I2C_WaitOnMasterAddressFlagUntilTimeout 0x08002e3c   Section        0  stm32f4xx_hal_i2c.o(i.I2C_WaitOnMasterAddressFlagUntilTimeout)
    I2C_WaitOnMasterAddressFlagUntilTimeout  0x08002e3d   Thumb Code   150  stm32f4xx_hal_i2c.o(i.I2C_WaitOnMasterAddressFlagUntilTimeout)
    i.I2C_WaitOnRXNEFlagUntilTimeout         0x08002ed2   Section        0  stm32f4xx_hal_i2c.o(i.I2C_WaitOnRXNEFlagUntilTimeout)
    I2C_WaitOnRXNEFlagUntilTimeout           0x08002ed3   Thumb Code   102  stm32f4xx_hal_i2c.o(i.I2C_WaitOnRXNEFlagUntilTimeout)
    i.I2C_WaitOnTXEFlagUntilTimeout          0x08002f38   Section        0  stm32f4xx_hal_i2c.o(i.I2C_WaitOnTXEFlagUntilTimeout)
    I2C_WaitOnTXEFlagUntilTimeout            0x08002f39   Thumb Code    76  stm32f4xx_hal_i2c.o(i.I2C_WaitOnTXEFlagUntilTimeout)
    i.MPU_6050_Init                          0x08002f84   Section        0  mpu6050driver.o(i.MPU_6050_Init)
    i.MPU_Set_LPF                            0x0800318c   Section        0  mpu6050driver.o(i.MPU_Set_LPF)
    i.MX_ADC1_Init                           0x080031e8   Section        0  adc.o(i.MX_ADC1_Init)
    i.MX_DMA_Init                            0x0800324c   Section        0  dma.o(i.MX_DMA_Init)
    i.MX_GPIO_Init                           0x08003278   Section        0  gpio.o(i.MX_GPIO_Init)
    i.MX_I2C1_Init                           0x08003360   Section        0  i2c.o(i.MX_I2C1_Init)
    i.MX_TIM12_Init                          0x080033a0   Section        0  tim.o(i.MX_TIM12_Init)
    i.MX_TIM1_Init                           0x080033ec   Section        0  tim.o(i.MX_TIM1_Init)
    i.MX_TIM2_Init                           0x080034bc   Section        0  tim.o(i.MX_TIM2_Init)
    i.MX_TIM3_Init                           0x08003524   Section        0  tim.o(i.MX_TIM3_Init)
    i.MX_TIM4_Init                           0x0800358c   Section        0  tim.o(i.MX_TIM4_Init)
    i.MX_TIM5_Init                           0x080035f4   Section        0  tim.o(i.MX_TIM5_Init)
    i.MX_USART1_UART_Init                    0x0800365c   Section        0  usart.o(i.MX_USART1_UART_Init)
    i.MX_USART2_UART_Init                    0x08003694   Section        0  usart.o(i.MX_USART2_UART_Init)
    i.MX_USART3_UART_Init                    0x080036cc   Section        0  usart.o(i.MX_USART3_UART_Init)
    i.MemManage_Handler                      0x08003704   Section        0  stm32f4xx_it.o(i.MemManage_Handler)
    i.NMI_Handler                            0x08003706   Section        0  stm32f4xx_it.o(i.NMI_Handler)
    i.PendSV_Handler                         0x08003708   Section        0  stm32f4xx_it.o(i.PendSV_Handler)
    i.SVC_Handler                            0x0800370a   Section        0  stm32f4xx_it.o(i.SVC_Handler)
    i.SysTick_Handler                        0x0800370c   Section        0  stm32f4xx_it.o(i.SysTick_Handler)
    i.SystemClock_Config                     0x08003710   Section        0  main.o(i.SystemClock_Config)
    i.SystemInit                             0x080037a4   Section        0  system_stm32f4xx.o(i.SystemInit)
    i.TIM5_IRQHandler                        0x080037c0   Section        0  stm32f4xx_it.o(i.TIM5_IRQHandler)
    i.TIM8_BRK_TIM12_IRQHandler              0x080037cc   Section        0  stm32f4xx_it.o(i.TIM8_BRK_TIM12_IRQHandler)
    i.TIM_Base_SetConfig                     0x080037d8   Section        0  stm32f4xx_hal_tim.o(i.TIM_Base_SetConfig)
    i.TIM_CCxChannelCmd                      0x080038a0   Section        0  stm32f4xx_hal_tim.o(i.TIM_CCxChannelCmd)
    i.TIM_ETR_SetConfig                      0x080038ba   Section        0  stm32f4xx_hal_tim.o(i.TIM_ETR_SetConfig)
    i.TIM_ITRx_SetConfig                     0x080038ce   Section        0  stm32f4xx_hal_tim.o(i.TIM_ITRx_SetConfig)
    TIM_ITRx_SetConfig                       0x080038cf   Thumb Code    16  stm32f4xx_hal_tim.o(i.TIM_ITRx_SetConfig)
    i.TIM_OC1_SetConfig                      0x080038e0   Section        0  stm32f4xx_hal_tim.o(i.TIM_OC1_SetConfig)
    TIM_OC1_SetConfig                        0x080038e1   Thumb Code    88  stm32f4xx_hal_tim.o(i.TIM_OC1_SetConfig)
    i.TIM_OC2_SetConfig                      0x08003940   Section        0  stm32f4xx_hal_tim.o(i.TIM_OC2_SetConfig)
    i.TIM_OC3_SetConfig                      0x080039ac   Section        0  stm32f4xx_hal_tim.o(i.TIM_OC3_SetConfig)
    TIM_OC3_SetConfig                        0x080039ad   Thumb Code    96  stm32f4xx_hal_tim.o(i.TIM_OC3_SetConfig)
    i.TIM_OC4_SetConfig                      0x08003a14   Section        0  stm32f4xx_hal_tim.o(i.TIM_OC4_SetConfig)
    TIM_OC4_SetConfig                        0x08003a15   Thumb Code    70  stm32f4xx_hal_tim.o(i.TIM_OC4_SetConfig)
    i.TIM_TI1_ConfigInputStage               0x08003a64   Section        0  stm32f4xx_hal_tim.o(i.TIM_TI1_ConfigInputStage)
    TIM_TI1_ConfigInputStage                 0x08003a65   Thumb Code    34  stm32f4xx_hal_tim.o(i.TIM_TI1_ConfigInputStage)
    i.TIM_TI2_ConfigInputStage               0x08003a86   Section        0  stm32f4xx_hal_tim.o(i.TIM_TI2_ConfigInputStage)
    TIM_TI2_ConfigInputStage                 0x08003a87   Thumb Code    36  stm32f4xx_hal_tim.o(i.TIM_TI2_ConfigInputStage)
    i.UART_SetConfig                         0x08003aac   Section        0  stm32f4xx_hal_uart.o(i.UART_SetConfig)
    UART_SetConfig                           0x08003aad   Thumb Code   286  stm32f4xx_hal_uart.o(i.UART_SetConfig)
    i.UART_WaitOnFlagUntilTimeout            0x08003bd4   Section        0  stm32f4xx_hal_uart.o(i.UART_WaitOnFlagUntilTimeout)
    UART_WaitOnFlagUntilTimeout              0x08003bd5   Thumb Code   100  stm32f4xx_hal_uart.o(i.UART_WaitOnFlagUntilTimeout)
    i.UsageFault_Handler                     0x08003c38   Section        0  stm32f4xx_it.o(i.UsageFault_Handler)
    i.__0printf                              0x08003c3c   Section        0  printfa.o(i.__0printf)
    i.__ARM_fpclassify                       0x08003c5c   Section        0  fpclassify.o(i.__ARM_fpclassify)
    i.__NVIC_SetPriority                     0x08003c8c   Section        0  stm32f4xx_hal_cortex.o(i.__NVIC_SetPriority)
    __NVIC_SetPriority                       0x08003c8d   Thumb Code    32  stm32f4xx_hal_cortex.o(i.__NVIC_SetPriority)
    i.__hardfp_asin                          0x08003cb0   Section        0  asin.o(i.__hardfp_asin)
    i.__hardfp_atan                          0x08004010   Section        0  atan.o(i.__hardfp_atan)
    i.__hardfp_atan2                         0x080042e8   Section        0  atan2.o(i.__hardfp_atan2)
    i.__kernel_poly                          0x080044d8   Section        0  poly.o(i.__kernel_poly)
    i.__mathlib_dbl_infnan                   0x080045d0   Section        0  dunder.o(i.__mathlib_dbl_infnan)
    i.__mathlib_dbl_infnan2                  0x080045e4   Section        0  dunder.o(i.__mathlib_dbl_infnan2)
    i.__mathlib_dbl_invalid                  0x080045f8   Section        0  dunder.o(i.__mathlib_dbl_invalid)
    i.__mathlib_dbl_underflow                0x08004618   Section        0  dunder.o(i.__mathlib_dbl_underflow)
    i.__scatterload_copy                     0x08004638   Section       14  handlers.o(i.__scatterload_copy)
    i.__scatterload_null                     0x08004646   Section        2  handlers.o(i.__scatterload_null)
    i.__scatterload_zeroinit                 0x08004648   Section       14  handlers.o(i.__scatterload_zeroinit)
    i.__set_errno                            0x08004658   Section        0  errno.o(i.__set_errno)
    i._fp_digits                             0x08004664   Section        0  printfa.o(i._fp_digits)
    _fp_digits                               0x08004665   Thumb Code   334  printfa.o(i._fp_digits)
    i._printf_core                           0x080047c8   Section        0  printfa.o(i._printf_core)
    _printf_core                             0x080047c9   Thumb Code  1744  printfa.o(i._printf_core)
    i._printf_post_padding                   0x08004ea4   Section        0  printfa.o(i._printf_post_padding)
    _printf_post_padding                     0x08004ea5   Thumb Code    36  printfa.o(i._printf_post_padding)
    i._printf_pre_padding                    0x08004ec8   Section        0  printfa.o(i._printf_pre_padding)
    _printf_pre_padding                      0x08004ec9   Thumb Code    46  printfa.o(i._printf_pre_padding)
    i.atan                                   0x08004ef6   Section        0  atan.o(i.atan)
    i.dmp_read_fifo                          0x08004f08   Section        0  inv_mpu_dmp_motion_driver.o(i.dmp_read_fifo)
    i.fabs                                   0x08005050   Section        0  fabs.o(i.fabs)
    i.fputc                                  0x08005068   Section        0  main.o(i.fputc)
    i.get_ms                                 0x08005080   Section        0  inv_mpu.o(i.get_ms)
    i.main                                   0x08005084   Section        0  main.o(i.main)
    i.mpu_dmp_get_data                       0x08005258   Section        0  mpu6050driver.o(i.mpu_dmp_get_data)
    i.mpu_read_fifo_stream                   0x080053d4   Section        0  inv_mpu.o(i.mpu_read_fifo_stream)
    i.mpu_reset_fifo                         0x08005464   Section        0  inv_mpu.o(i.mpu_reset_fifo)
    i.oled_LOGO                              0x080055c4   Section        0  oled.o(i.oled_LOGO)
    i.oled_clear                             0x08005628   Section        0  oled.o(i.oled_clear)
    i.oled_drawpoint                         0x08005668   Section        0  oled.o(i.oled_drawpoint)
    i.oled_init                              0x080056b0   Section        0  oled.o(i.oled_init)
    i.oled_refresh_gram                      0x080057d0   Section        0  oled.o(i.oled_refresh_gram)
    i.oled_set_pos                           0x08005804   Section        0  oled.o(i.oled_set_pos)
    oled_set_pos                             0x08005805   Thumb Code    42  oled.o(i.oled_set_pos)
    i.oled_write_byte                        0x08005830   Section        0  oled.o(i.oled_write_byte)
    i.sqrt                                   0x0800588c   Section        0  sqrt.o(i.sqrt)
    .constdata                               0x080058fa   Section     2164  oled.o(.constdata)
    .constdata                               0x0800616e   Section       27  inv_mpu.o(.constdata)
    .constdata                               0x0800618a   Section       12  inv_mpu.o(.constdata)
    .constdata                               0x08006198   Section       40  inv_mpu.o(.constdata)
    .constdata                               0x080061c0   Section        8  stm32f4xx_hal_dma.o(.constdata)
    flagBitshiftOffset                       0x080061c0   Data           8  stm32f4xx_hal_dma.o(.constdata)
    .constdata                               0x080061c8   Section       16  system_stm32f4xx.o(.constdata)
    .constdata                               0x080061d8   Section        8  system_stm32f4xx.o(.constdata)
    .constdata                               0x080061e0   Section       80  asin.o(.constdata)
    pS                                       0x080061e0   Data          48  asin.o(.constdata)
    qS                                       0x08006210   Data          32  asin.o(.constdata)
    .constdata                               0x08006230   Section      152  atan.o(.constdata)
    atanhi                                   0x08006230   Data          32  atan.o(.constdata)
    atanlo                                   0x08006250   Data          32  atan.o(.constdata)
    aTodd                                    0x08006270   Data          40  atan.o(.constdata)
    aTeven                                   0x08006298   Data          48  atan.o(.constdata)
    .constdata                               0x080062c8   Section        8  qnan.o(.constdata)
    .data                                    0x20000000   Section       44  inv_mpu.o(.data)
    st                                       0x20000000   Data          44  inv_mpu.o(.data)
    .data                                    0x20000030   Section       41  mpu6050driver.o(.data)
    gyro_orientation                         0x20000050   Data           9  mpu6050driver.o(.data)
    .data                                    0x2000005c   Section       16  main.o(.data)
    .data                                    0x2000006c   Section       12  stm32f4xx_hal.o(.data)
    .data                                    0x20000078   Section        4  system_stm32f4xx.o(.data)
    .data                                    0x2000007c   Section        4  stdout.o(.data)
    .data                                    0x20000080   Section        4  errno.o(.data)
    _errno                                   0x20000080   Data           4  errno.o(.data)
    .bss                                     0x20000084   Section     1024  oled.o(.bss)
    OLED_GRAM                                0x20000084   Data        1024  oled.o(.bss)
    .bss                                     0x20000484   Section       16  inv_mpu_dmp_motion_driver.o(.bss)
    dmp                                      0x20000484   Data          16  inv_mpu_dmp_motion_driver.o(.bss)
    .bss                                     0x20000494   Section       40  main.o(.bss)
    .bss                                     0x200004bc   Section      168  adc.o(.bss)
    .bss                                     0x20000564   Section       84  i2c.o(.bss)
    .bss                                     0x200005b8   Section      384  tim.o(.bss)
    .bss                                     0x20000738   Section      192  usart.o(.bss)
    STACK                                    0x200007f8   Section     1024  startup_stm32f407xx.o(STACK)

    Global Symbols

    Symbol Name                              Value     Ov Type        Size  Object(Section)

    BuildAttributes$$THM_ISAv4$E$P$D$K$B$S$7EM$VFPi3$EXTD16$VFPS$VFMA$PE$A:L22UL41UL21$X:L11$S22US41US21$IEEE1$IW$USESV6$~STKCKD$USESV7$~SHL$OTIME$ROPI$IEEEX$EBA8$MICROLIB$REQ8$PRES8$EABIv2 0x00000000   Number         0  anon$$obj.o ABSOLUTE
    __ARM_use_no_argv                        0x00000000   Number         0  main.o ABSOLUTE
    _printf_a                                0x00000000   Number         0  stubs.o ABSOLUTE
    _printf_c                                0x00000000   Number         0  stubs.o ABSOLUTE
    _printf_charcount                        0x00000000   Number         0  stubs.o ABSOLUTE
    _printf_d                                0x00000000   Number         0  stubs.o ABSOLUTE
    _printf_e                                0x00000000   Number         0  stubs.o ABSOLUTE
    _printf_f                                0x00000000   Number         0  stubs.o ABSOLUTE
    _printf_flags                            0x00000000   Number         0  stubs.o ABSOLUTE
    _printf_fp_dec                           0x00000000   Number         0  stubs.o ABSOLUTE
    _printf_fp_hex                           0x00000000   Number         0  stubs.o ABSOLUTE
    _printf_g                                0x00000000   Number         0  stubs.o ABSOLUTE
    _printf_i                                0x00000000   Number         0  stubs.o ABSOLUTE
    _printf_int_dec                          0x00000000   Number         0  stubs.o ABSOLUTE
    _printf_l                                0x00000000   Number         0  stubs.o ABSOLUTE
    _printf_lc                               0x00000000   Number         0  stubs.o ABSOLUTE
    _printf_ll                               0x00000000   Number         0  stubs.o ABSOLUTE
    _printf_lld                              0x00000000   Number         0  stubs.o ABSOLUTE
    _printf_lli                              0x00000000   Number         0  stubs.o ABSOLUTE
    _printf_llo                              0x00000000   Number         0  stubs.o ABSOLUTE
    _printf_llu                              0x00000000   Number         0  stubs.o ABSOLUTE
    _printf_llx                              0x00000000   Number         0  stubs.o ABSOLUTE
    _printf_longlong_dec                     0x00000000   Number         0  stubs.o ABSOLUTE
    _printf_longlong_hex                     0x00000000   Number         0  stubs.o ABSOLUTE
    _printf_longlong_oct                     0x00000000   Number         0  stubs.o ABSOLUTE
    _printf_ls                               0x00000000   Number         0  stubs.o ABSOLUTE
    _printf_mbtowc                           0x00000000   Number         0  stubs.o ABSOLUTE
    _printf_n                                0x00000000   Number         0  stubs.o ABSOLUTE
    _printf_o                                0x00000000   Number         0  stubs.o ABSOLUTE
    _printf_p                                0x00000000   Number         0  stubs.o ABSOLUTE
    _printf_percent                          0x00000000   Number         0  stubs.o ABSOLUTE
    _printf_pre_padding                      0x00000000   Number         0  stubs.o ABSOLUTE
    _printf_return_value                     0x00000000   Number         0  stubs.o ABSOLUTE
    _printf_s                                0x00000000   Number         0  stubs.o ABSOLUTE
    _printf_sizespec                         0x00000000   Number         0  stubs.o ABSOLUTE
    _printf_str                              0x00000000   Number         0  stubs.o ABSOLUTE
    _printf_truncate_signed                  0x00000000   Number         0  stubs.o ABSOLUTE
    _printf_truncate_unsigned                0x00000000   Number         0  stubs.o ABSOLUTE
    _printf_u                                0x00000000   Number         0  stubs.o ABSOLUTE
    _printf_wc                               0x00000000   Number         0  stubs.o ABSOLUTE
    _printf_wctomb                           0x00000000   Number         0  stubs.o ABSOLUTE
    _printf_widthprec                        0x00000000   Number         0  stubs.o ABSOLUTE
    _printf_x                                0x00000000   Number         0  stubs.o ABSOLUTE
    __cpp_initialize__aeabi_                  - Undefined Weak Reference
    __cxa_finalize                            - Undefined Weak Reference
    __decompress                              - Undefined Weak Reference
    _clock_init                               - Undefined Weak Reference
    _microlib_exit                            - Undefined Weak Reference
    __Vectors_Size                           0x00000188   Number         0  startup_stm32f407xx.o ABSOLUTE
    __Vectors                                0x08000000   Data           4  startup_stm32f407xx.o(RESET)
    __Vectors_End                            0x08000188   Data           0  startup_stm32f407xx.o(RESET)
    __main                                   0x08000189   Thumb Code     0  entry.o(.ARM.Collect$$$$00000000)
    _main_stk                                0x08000189   Thumb Code     0  entry2.o(.ARM.Collect$$$$00000001)
    _main_scatterload                        0x0800018d   Thumb Code     0  entry5.o(.ARM.Collect$$$$00000004)
    __main_after_scatterload                 0x08000191   Thumb Code     0  entry5.o(.ARM.Collect$$$$00000004)
    _main_clock                              0x08000191   Thumb Code     0  entry7b.o(.ARM.Collect$$$$00000008)
    _main_cpp_init                           0x08000191   Thumb Code     0  entry8b.o(.ARM.Collect$$$$0000000A)
    _main_init                               0x08000191   Thumb Code     0  entry9a.o(.ARM.Collect$$$$0000000B)
    __rt_final_cpp                           0x08000199   Thumb Code     0  entry10a.o(.ARM.Collect$$$$0000000D)
    __rt_final_exit                          0x08000199   Thumb Code     0  entry11a.o(.ARM.Collect$$$$0000000F)
    Reset_Handler                            0x0800019d   Thumb Code     8  startup_stm32f407xx.o(.text)
    CAN1_RX0_IRQHandler                      0x080001b7   Thumb Code     0  startup_stm32f407xx.o(.text)
    CAN1_RX1_IRQHandler                      0x080001b7   Thumb Code     0  startup_stm32f407xx.o(.text)
    CAN1_SCE_IRQHandler                      0x080001b7   Thumb Code     0  startup_stm32f407xx.o(.text)
    CAN1_TX_IRQHandler                       0x080001b7   Thumb Code     0  startup_stm32f407xx.o(.text)
    CAN2_RX0_IRQHandler                      0x080001b7   Thumb Code     0  startup_stm32f407xx.o(.text)
    CAN2_RX1_IRQHandler                      0x080001b7   Thumb Code     0  startup_stm32f407xx.o(.text)
    CAN2_SCE_IRQHandler                      0x080001b7   Thumb Code     0  startup_stm32f407xx.o(.text)
    CAN2_TX_IRQHandler                       0x080001b7   Thumb Code     0  startup_stm32f407xx.o(.text)
    DCMI_IRQHandler                          0x080001b7   Thumb Code     0  startup_stm32f407xx.o(.text)
    DMA1_Stream0_IRQHandler                  0x080001b7   Thumb Code     0  startup_stm32f407xx.o(.text)
    DMA1_Stream1_IRQHandler                  0x080001b7   Thumb Code     0  startup_stm32f407xx.o(.text)
    DMA1_Stream2_IRQHandler                  0x080001b7   Thumb Code     0  startup_stm32f407xx.o(.text)
    DMA1_Stream3_IRQHandler                  0x080001b7   Thumb Code     0  startup_stm32f407xx.o(.text)
    DMA1_Stream4_IRQHandler                  0x080001b7   Thumb Code     0  startup_stm32f407xx.o(.text)
    DMA1_Stream5_IRQHandler                  0x080001b7   Thumb Code     0  startup_stm32f407xx.o(.text)
    DMA1_Stream6_IRQHandler                  0x080001b7   Thumb Code     0  startup_stm32f407xx.o(.text)
    DMA1_Stream7_IRQHandler                  0x080001b7   Thumb Code     0  startup_stm32f407xx.o(.text)
    DMA2_Stream1_IRQHandler                  0x080001b7   Thumb Code     0  startup_stm32f407xx.o(.text)
    DMA2_Stream2_IRQHandler                  0x080001b7   Thumb Code     0  startup_stm32f407xx.o(.text)
    DMA2_Stream3_IRQHandler                  0x080001b7   Thumb Code     0  startup_stm32f407xx.o(.text)
    DMA2_Stream4_IRQHandler                  0x080001b7   Thumb Code     0  startup_stm32f407xx.o(.text)
    DMA2_Stream5_IRQHandler                  0x080001b7   Thumb Code     0  startup_stm32f407xx.o(.text)
    DMA2_Stream6_IRQHandler                  0x080001b7   Thumb Code     0  startup_stm32f407xx.o(.text)
    DMA2_Stream7_IRQHandler                  0x080001b7   Thumb Code     0  startup_stm32f407xx.o(.text)
    ETH_IRQHandler                           0x080001b7   Thumb Code     0  startup_stm32f407xx.o(.text)
    ETH_WKUP_IRQHandler                      0x080001b7   Thumb Code     0  startup_stm32f407xx.o(.text)
    EXTI0_IRQHandler                         0x080001b7   Thumb Code     0  startup_stm32f407xx.o(.text)
    EXTI15_10_IRQHandler                     0x080001b7   Thumb Code     0  startup_stm32f407xx.o(.text)
    EXTI1_IRQHandler                         0x080001b7   Thumb Code     0  startup_stm32f407xx.o(.text)
    EXTI2_IRQHandler                         0x080001b7   Thumb Code     0  startup_stm32f407xx.o(.text)
    EXTI3_IRQHandler                         0x080001b7   Thumb Code     0  startup_stm32f407xx.o(.text)
    EXTI4_IRQHandler                         0x080001b7   Thumb Code     0  startup_stm32f407xx.o(.text)
    EXTI9_5_IRQHandler                       0x080001b7   Thumb Code     0  startup_stm32f407xx.o(.text)
    FLASH_IRQHandler                         0x080001b7   Thumb Code     0  startup_stm32f407xx.o(.text)
    FMC_IRQHandler                           0x080001b7   Thumb Code     0  startup_stm32f407xx.o(.text)
    FPU_IRQHandler                           0x080001b7   Thumb Code     0  startup_stm32f407xx.o(.text)
    HASH_RNG_IRQHandler                      0x080001b7   Thumb Code     0  startup_stm32f407xx.o(.text)
    I2C1_ER_IRQHandler                       0x080001b7   Thumb Code     0  startup_stm32f407xx.o(.text)
    I2C1_EV_IRQHandler                       0x080001b7   Thumb Code     0  startup_stm32f407xx.o(.text)
    I2C2_ER_IRQHandler                       0x080001b7   Thumb Code     0  startup_stm32f407xx.o(.text)
    I2C2_EV_IRQHandler                       0x080001b7   Thumb Code     0  startup_stm32f407xx.o(.text)
    I2C3_ER_IRQHandler                       0x080001b7   Thumb Code     0  startup_stm32f407xx.o(.text)
    I2C3_EV_IRQHandler                       0x080001b7   Thumb Code     0  startup_stm32f407xx.o(.text)
    OTG_FS_IRQHandler                        0x080001b7   Thumb Code     0  startup_stm32f407xx.o(.text)
    OTG_FS_WKUP_IRQHandler                   0x080001b7   Thumb Code     0  startup_stm32f407xx.o(.text)
    OTG_HS_EP1_IN_IRQHandler                 0x080001b7   Thumb Code     0  startup_stm32f407xx.o(.text)
    OTG_HS_EP1_OUT_IRQHandler                0x080001b7   Thumb Code     0  startup_stm32f407xx.o(.text)
    OTG_HS_IRQHandler                        0x080001b7   Thumb Code     0  startup_stm32f407xx.o(.text)
    OTG_HS_WKUP_IRQHandler                   0x080001b7   Thumb Code     0  startup_stm32f407xx.o(.text)
    PVD_IRQHandler                           0x080001b7   Thumb Code     0  startup_stm32f407xx.o(.text)
    RCC_IRQHandler                           0x080001b7   Thumb Code     0  startup_stm32f407xx.o(.text)
    RTC_Alarm_IRQHandler                     0x080001b7   Thumb Code     0  startup_stm32f407xx.o(.text)
    RTC_WKUP_IRQHandler                      0x080001b7   Thumb Code     0  startup_stm32f407xx.o(.text)
    SDIO_IRQHandler                          0x080001b7   Thumb Code     0  startup_stm32f407xx.o(.text)
    SPI1_IRQHandler                          0x080001b7   Thumb Code     0  startup_stm32f407xx.o(.text)
    SPI2_IRQHandler                          0x080001b7   Thumb Code     0  startup_stm32f407xx.o(.text)
    SPI3_IRQHandler                          0x080001b7   Thumb Code     0  startup_stm32f407xx.o(.text)
    TAMP_STAMP_IRQHandler                    0x080001b7   Thumb Code     0  startup_stm32f407xx.o(.text)
    TIM1_BRK_TIM9_IRQHandler                 0x080001b7   Thumb Code     0  startup_stm32f407xx.o(.text)
    TIM1_CC_IRQHandler                       0x080001b7   Thumb Code     0  startup_stm32f407xx.o(.text)
    TIM1_TRG_COM_TIM11_IRQHandler            0x080001b7   Thumb Code     0  startup_stm32f407xx.o(.text)
    TIM1_UP_TIM10_IRQHandler                 0x080001b7   Thumb Code     0  startup_stm32f407xx.o(.text)
    TIM2_IRQHandler                          0x080001b7   Thumb Code     0  startup_stm32f407xx.o(.text)
    TIM3_IRQHandler                          0x080001b7   Thumb Code     0  startup_stm32f407xx.o(.text)
    TIM4_IRQHandler                          0x080001b7   Thumb Code     0  startup_stm32f407xx.o(.text)
    TIM6_DAC_IRQHandler                      0x080001b7   Thumb Code     0  startup_stm32f407xx.o(.text)
    TIM7_IRQHandler                          0x080001b7   Thumb Code     0  startup_stm32f407xx.o(.text)
    TIM8_CC_IRQHandler                       0x080001b7   Thumb Code     0  startup_stm32f407xx.o(.text)
    TIM8_TRG_COM_TIM14_IRQHandler            0x080001b7   Thumb Code     0  startup_stm32f407xx.o(.text)
    TIM8_UP_TIM13_IRQHandler                 0x080001b7   Thumb Code     0  startup_stm32f407xx.o(.text)
    UART4_IRQHandler                         0x080001b7   Thumb Code     0  startup_stm32f407xx.o(.text)
    UART5_IRQHandler                         0x080001b7   Thumb Code     0  startup_stm32f407xx.o(.text)
    USART1_IRQHandler                        0x080001b7   Thumb Code     0  startup_stm32f407xx.o(.text)
    USART2_IRQHandler                        0x080001b7   Thumb Code     0  startup_stm32f407xx.o(.text)
    USART3_IRQHandler                        0x080001b7   Thumb Code     0  startup_stm32f407xx.o(.text)
    USART6_IRQHandler                        0x080001b7   Thumb Code     0  startup_stm32f407xx.o(.text)
    WWDG_IRQHandler                          0x080001b7   Thumb Code     0  startup_stm32f407xx.o(.text)
    __aeabi_uldivmod                         0x080001c1   Thumb Code    98  uldiv.o(.text)
    __aeabi_memset                           0x08000223   Thumb Code    14  memseta.o(.text)
    __aeabi_memset4                          0x08000223   Thumb Code     0  memseta.o(.text)
    __aeabi_memset8                          0x08000223   Thumb Code     0  memseta.o(.text)
    __aeabi_memclr                           0x08000231   Thumb Code     4  memseta.o(.text)
    __aeabi_memclr4                          0x08000231   Thumb Code     0  memseta.o(.text)
    __aeabi_memclr8                          0x08000231   Thumb Code     0  memseta.o(.text)
    _memset$wrapper                          0x08000235   Thumb Code    18  memseta.o(.text)
    __aeabi_dadd                             0x08000247   Thumb Code   322  dadd.o(.text)
    __aeabi_dsub                             0x08000389   Thumb Code     6  dadd.o(.text)
    __aeabi_drsub                            0x0800038f   Thumb Code     6  dadd.o(.text)
    __aeabi_dmul                             0x08000395   Thumb Code   228  dmul.o(.text)
    __aeabi_ddiv                             0x08000479   Thumb Code   222  ddiv.o(.text)
    __aeabi_f2d                              0x08000557   Thumb Code    38  f2d.o(.text)
    __aeabi_d2f                              0x0800057d   Thumb Code    56  d2f.o(.text)
    __aeabi_uidiv                            0x080005b5   Thumb Code     0  uidiv.o(.text)
    __aeabi_uidivmod                         0x080005b5   Thumb Code    44  uidiv.o(.text)
    __aeabi_llsl                             0x080005e1   Thumb Code    30  llshl.o(.text)
    _ll_shift_l                              0x080005e1   Thumb Code     0  llshl.o(.text)
    __aeabi_llsr                             0x080005ff   Thumb Code    32  llushr.o(.text)
    _ll_ushift_r                             0x080005ff   Thumb Code     0  llushr.o(.text)
    __aeabi_lasr                             0x0800061f   Thumb Code    36  llsshr.o(.text)
    _ll_sshift_r                             0x0800061f   Thumb Code     0  llsshr.o(.text)
    __I$use$fp                               0x08000643   Thumb Code     0  iusefp.o(.text)
    _float_round                             0x08000643   Thumb Code    18  fepilogue.o(.text)
    _float_epilogue                          0x08000655   Thumb Code    92  fepilogue.o(.text)
    _double_round                            0x080006b1   Thumb Code    30  depilogue.o(.text)
    _double_epilogue                         0x080006cf   Thumb Code   156  depilogue.o(.text)
    __aeabi_d2ulz                            0x0800076b   Thumb Code    48  dfixul.o(.text)
    __aeabi_cdrcmple                         0x0800079d   Thumb Code    48  cdrcmple.o(.text)
    __scatterload                            0x080007cd   Thumb Code    28  init.o(.text)
    __scatterload_rt2                        0x080007cd   Thumb Code     0  init.o(.text)
    _dsqrt                                   0x080007f1   Thumb Code   162  dsqrt.o(.text)
    ADC_IRQHandler                           0x08000921   Thumb Code     6  stm32f4xx_it.o(i.ADC_IRQHandler)
    BusFault_Handler                         0x08000a55   Thumb Code     2  stm32f4xx_it.o(i.BusFault_Handler)
    DMA2_Stream0_IRQHandler                  0x08000a59   Thumb Code     6  stm32f4xx_it.o(i.DMA2_Stream0_IRQHandler)
    DebugMon_Handler                         0x08000b09   Thumb Code     2  stm32f4xx_it.o(i.DebugMon_Handler)
    Error_Handler                            0x08000b0b   Thumb Code     4  main.o(i.Error_Handler)
    HAL_ADCEx_InjectedConvCpltCallback       0x08000b0f   Thumb Code     2  stm32f4xx_hal_adc_ex.o(i.HAL_ADCEx_InjectedConvCpltCallback)
    HAL_ADC_ConfigChannel                    0x08000b11   Thumb Code   316  stm32f4xx_hal_adc.o(i.HAL_ADC_ConfigChannel)
    HAL_ADC_ConvCpltCallback                 0x08000c5d   Thumb Code     2  stm32f4xx_hal_adc.o(i.HAL_ADC_ConvCpltCallback)
    HAL_ADC_ConvHalfCpltCallback             0x08000c5f   Thumb Code     2  stm32f4xx_hal_adc.o(i.HAL_ADC_ConvHalfCpltCallback)
    HAL_ADC_ErrorCallback                    0x08000c61   Thumb Code     2  stm32f4xx_hal_adc.o(i.HAL_ADC_ErrorCallback)
    HAL_ADC_IRQHandler                       0x08000c63   Thumb Code   316  stm32f4xx_hal_adc.o(i.HAL_ADC_IRQHandler)
    HAL_ADC_Init                             0x08000d9f   Thumb Code    84  stm32f4xx_hal_adc.o(i.HAL_ADC_Init)
    HAL_ADC_LevelOutOfWindowCallback         0x08000df3   Thumb Code     2  stm32f4xx_hal_adc.o(i.HAL_ADC_LevelOutOfWindowCallback)
    HAL_ADC_MspInit                          0x08000df5   Thumb Code   150  adc.o(i.HAL_ADC_MspInit)
    HAL_ADC_Start_DMA                        0x08000ea1   Thumb Code   268  stm32f4xx_hal_adc.o(i.HAL_ADC_Start_DMA)
    HAL_DMA_IRQHandler                       0x08000fd1   Thumb Code   412  stm32f4xx_hal_dma.o(i.HAL_DMA_IRQHandler)
    HAL_DMA_Init                             0x08001171   Thumb Code   206  stm32f4xx_hal_dma.o(i.HAL_DMA_Init)
    HAL_DMA_Start_IT                         0x08001245   Thumb Code   110  stm32f4xx_hal_dma.o(i.HAL_DMA_Start_IT)
    HAL_Delay                                0x080012b5   Thumb Code    32  stm32f4xx_hal.o(i.HAL_Delay)
    HAL_GPIO_Init                            0x080012d9   Thumb Code   394  stm32f4xx_hal_gpio.o(i.HAL_GPIO_Init)
    HAL_GPIO_TogglePin                       0x08001491   Thumb Code    14  stm32f4xx_hal_gpio.o(i.HAL_GPIO_TogglePin)
    HAL_GPIO_WritePin                        0x0800149f   Thumb Code    10  stm32f4xx_hal_gpio.o(i.HAL_GPIO_WritePin)
    HAL_GetTick                              0x080014a9   Thumb Code     6  stm32f4xx_hal.o(i.HAL_GetTick)
    HAL_I2C_GetState                         0x080014b5   Thumb Code     6  stm32f4xx_hal_i2c.o(i.HAL_I2C_GetState)
    HAL_I2C_Init                             0x080014bd   Thumb Code   376  stm32f4xx_hal_i2c.o(i.HAL_I2C_Init)
    HAL_I2C_IsDeviceReady                    0x08001645   Thumb Code   354  stm32f4xx_hal_i2c.o(i.HAL_I2C_IsDeviceReady)
    HAL_I2C_Mem_Read                         0x080017b1   Thumb Code   490  stm32f4xx_hal_i2c.o(i.HAL_I2C_Mem_Read)
    HAL_I2C_Mem_Write                        0x080019a9   Thumb Code   294  stm32f4xx_hal_i2c.o(i.HAL_I2C_Mem_Write)
    HAL_I2C_MspInit                          0x08001ad9   Thumb Code    92  i2c.o(i.HAL_I2C_MspInit)
    HAL_IncTick                              0x08001b41   Thumb Code    12  stm32f4xx_hal.o(i.HAL_IncTick)
    HAL_Init                                 0x08001b51   Thumb Code    48  stm32f4xx_hal.o(i.HAL_Init)
    HAL_InitTick                             0x08001b85   Thumb Code    54  stm32f4xx_hal.o(i.HAL_InitTick)
    HAL_MspInit                              0x08001bc5   Thumb Code    42  stm32f4xx_hal_msp.o(i.HAL_MspInit)
    HAL_NVIC_EnableIRQ                       0x08001bf5   Thumb Code    26  stm32f4xx_hal_cortex.o(i.HAL_NVIC_EnableIRQ)
    HAL_NVIC_SetPriority                     0x08001c11   Thumb Code    60  stm32f4xx_hal_cortex.o(i.HAL_NVIC_SetPriority)
    HAL_NVIC_SetPriorityGrouping             0x08001c51   Thumb Code    26  stm32f4xx_hal_cortex.o(i.HAL_NVIC_SetPriorityGrouping)
    HAL_RCC_ClockConfig                      0x08001c75   Thumb Code   288  stm32f4xx_hal_rcc.o(i.HAL_RCC_ClockConfig)
    HAL_RCC_GetPCLK1Freq                     0x08001da9   Thumb Code    20  stm32f4xx_hal_rcc.o(i.HAL_RCC_GetPCLK1Freq)
    HAL_RCC_GetPCLK2Freq                     0x08001dc9   Thumb Code    20  stm32f4xx_hal_rcc.o(i.HAL_RCC_GetPCLK2Freq)
    HAL_RCC_GetSysClockFreq                  0x08001de9   Thumb Code    88  stm32f4xx_hal_rcc.o(i.HAL_RCC_GetSysClockFreq)
    HAL_RCC_OscConfig                        0x08001e49   Thumb Code   840  stm32f4xx_hal_rcc.o(i.HAL_RCC_OscConfig)
    HAL_SYSTICK_Config                       0x080021a5   Thumb Code    40  stm32f4xx_hal_cortex.o(i.HAL_SYSTICK_Config)
    HAL_TIMEx_BreakCallback                  0x080021cd   Thumb Code     2  stm32f4xx_hal_tim_ex.o(i.HAL_TIMEx_BreakCallback)
    HAL_TIMEx_CommutCallback                 0x080021cf   Thumb Code     2  stm32f4xx_hal_tim_ex.o(i.HAL_TIMEx_CommutCallback)
    HAL_TIMEx_ConfigBreakDeadTime            0x080021d1   Thumb Code    84  stm32f4xx_hal_tim_ex.o(i.HAL_TIMEx_ConfigBreakDeadTime)
    HAL_TIMEx_MasterConfigSynchronization    0x08002225   Thumb Code   116  stm32f4xx_hal_tim_ex.o(i.HAL_TIMEx_MasterConfigSynchronization)
    HAL_TIM_Base_Init                        0x080022b5   Thumb Code    54  stm32f4xx_hal_tim.o(i.HAL_TIM_Base_Init)
    HAL_TIM_Base_MspInit                     0x080022ed   Thumb Code    86  tim.o(i.HAL_TIM_Base_MspInit)
    HAL_TIM_Base_Start_IT                    0x08002351   Thumb Code    34  stm32f4xx_hal_tim.o(i.HAL_TIM_Base_Start_IT)
    HAL_TIM_ConfigClockSource                0x08002373   Thumb Code   214  stm32f4xx_hal_tim.o(i.HAL_TIM_ConfigClockSource)
    HAL_TIM_Encoder_Init                     0x08002449   Thumb Code   152  stm32f4xx_hal_tim.o(i.HAL_TIM_Encoder_Init)
    HAL_TIM_Encoder_MspInit                  0x080024e1   Thumb Code   192  tim.o(i.HAL_TIM_Encoder_MspInit)
    HAL_TIM_Encoder_Start_IT                 0x080025b5   Thumb Code    92  stm32f4xx_hal_tim.o(i.HAL_TIM_Encoder_Start_IT)
    HAL_TIM_IC_CaptureCallback               0x08002611   Thumb Code     2  stm32f4xx_hal_tim.o(i.HAL_TIM_IC_CaptureCallback)
    HAL_TIM_IRQHandler                       0x08002613   Thumb Code   358  stm32f4xx_hal_tim.o(i.HAL_TIM_IRQHandler)
    HAL_TIM_MspPostInit                      0x08002779   Thumb Code    72  tim.o(i.HAL_TIM_MspPostInit)
    HAL_TIM_OC_DelayElapsedCallback          0x080027cd   Thumb Code     2  stm32f4xx_hal_tim.o(i.HAL_TIM_OC_DelayElapsedCallback)
    HAL_TIM_PWM_ConfigChannel                0x080027cf   Thumb Code   208  stm32f4xx_hal_tim.o(i.HAL_TIM_PWM_ConfigChannel)
    HAL_TIM_PWM_Init                         0x0800289f   Thumb Code    54  stm32f4xx_hal_tim.o(i.HAL_TIM_PWM_Init)
    HAL_TIM_PWM_MspInit                      0x080028d5   Thumb Code    30  tim.o(i.HAL_TIM_PWM_MspInit)
    HAL_TIM_PWM_PulseFinishedCallback        0x080028fd   Thumb Code     2  stm32f4xx_hal_tim.o(i.HAL_TIM_PWM_PulseFinishedCallback)
    HAL_TIM_PWM_Start                        0x08002901   Thumb Code    58  stm32f4xx_hal_tim.o(i.HAL_TIM_PWM_Start)
    HAL_TIM_PeriodElapsedCallback            0x08002945   Thumb Code     2  main.o(i.HAL_TIM_PeriodElapsedCallback)
    HAL_TIM_TriggerCallback                  0x08002947   Thumb Code     2  stm32f4xx_hal_tim.o(i.HAL_TIM_TriggerCallback)
    HAL_UART_Init                            0x08002949   Thumb Code    98  stm32f4xx_hal_uart.o(i.HAL_UART_Init)
    HAL_UART_MspInit                         0x080029ad   Thumb Code   206  usart.o(i.HAL_UART_MspInit)
    HAL_UART_Transmit                        0x08002a95   Thumb Code   186  stm32f4xx_hal_uart.o(i.HAL_UART_Transmit)
    HAL_i2c_read                             0x08002b51   Thumb Code    46  mpu6050driver.o(i.HAL_i2c_read)
    HAL_i2c_write                            0x08002b85   Thumb Code    42  mpu6050driver.o(i.HAL_i2c_write)
    HardFault_Handler                        0x08002bb5   Thumb Code     2  stm32f4xx_it.o(i.HardFault_Handler)
    MPU_6050_Init                            0x08002f85   Thumb Code   474  mpu6050driver.o(i.MPU_6050_Init)
    MPU_Set_LPF                              0x0800318d   Thumb Code    86  mpu6050driver.o(i.MPU_Set_LPF)
    MX_ADC1_Init                             0x080031e9   Thumb Code    86  adc.o(i.MX_ADC1_Init)
    MX_DMA_Init                              0x0800324d   Thumb Code    40  dma.o(i.MX_DMA_Init)
    MX_GPIO_Init                             0x08003279   Thumb Code   214  gpio.o(i.MX_GPIO_Init)
    MX_I2C1_Init                             0x08003361   Thumb Code    50  i2c.o(i.MX_I2C1_Init)
    MX_TIM12_Init                            0x080033a1   Thumb Code    68  tim.o(i.MX_TIM12_Init)
    MX_TIM1_Init                             0x080033ed   Thumb Code   200  tim.o(i.MX_TIM1_Init)
    MX_TIM2_Init                             0x080034bd   Thumb Code   100  tim.o(i.MX_TIM2_Init)
    MX_TIM3_Init                             0x08003525   Thumb Code    96  tim.o(i.MX_TIM3_Init)
    MX_TIM4_Init                             0x0800358d   Thumb Code    96  tim.o(i.MX_TIM4_Init)
    MX_TIM5_Init                             0x080035f5   Thumb Code    94  tim.o(i.MX_TIM5_Init)
    MX_USART1_UART_Init                      0x0800365d   Thumb Code    48  usart.o(i.MX_USART1_UART_Init)
    MX_USART2_UART_Init                      0x08003695   Thumb Code    48  usart.o(i.MX_USART2_UART_Init)
    MX_USART3_UART_Init                      0x080036cd   Thumb Code    48  usart.o(i.MX_USART3_UART_Init)
    MemManage_Handler                        0x08003705   Thumb Code     2  stm32f4xx_it.o(i.MemManage_Handler)
    NMI_Handler                              0x08003707   Thumb Code     2  stm32f4xx_it.o(i.NMI_Handler)
    PendSV_Handler                           0x08003709   Thumb Code     2  stm32f4xx_it.o(i.PendSV_Handler)
    SVC_Handler                              0x0800370b   Thumb Code     2  stm32f4xx_it.o(i.SVC_Handler)
    SysTick_Handler                          0x0800370d   Thumb Code     4  stm32f4xx_it.o(i.SysTick_Handler)
    SystemClock_Config                       0x08003711   Thumb Code   140  main.o(i.SystemClock_Config)
    SystemInit                               0x080037a5   Thumb Code    22  system_stm32f4xx.o(i.SystemInit)
    TIM5_IRQHandler                          0x080037c1   Thumb Code     6  stm32f4xx_it.o(i.TIM5_IRQHandler)
    TIM8_BRK_TIM12_IRQHandler                0x080037cd   Thumb Code     6  stm32f4xx_it.o(i.TIM8_BRK_TIM12_IRQHandler)
    TIM_Base_SetConfig                       0x080037d9   Thumb Code   156  stm32f4xx_hal_tim.o(i.TIM_Base_SetConfig)
    TIM_CCxChannelCmd                        0x080038a1   Thumb Code    26  stm32f4xx_hal_tim.o(i.TIM_CCxChannelCmd)
    TIM_ETR_SetConfig                        0x080038bb   Thumb Code    20  stm32f4xx_hal_tim.o(i.TIM_ETR_SetConfig)
    TIM_OC2_SetConfig                        0x08003941   Thumb Code    98  stm32f4xx_hal_tim.o(i.TIM_OC2_SetConfig)
    UsageFault_Handler                       0x08003c39   Thumb Code     2  stm32f4xx_it.o(i.UsageFault_Handler)
    __0printf                                0x08003c3d   Thumb Code    22  printfa.o(i.__0printf)
    __1printf                                0x08003c3d   Thumb Code     0  printfa.o(i.__0printf)
    __2printf                                0x08003c3d   Thumb Code     0  printfa.o(i.__0printf)
    __c89printf                              0x08003c3d   Thumb Code     0  printfa.o(i.__0printf)
    printf                                   0x08003c3d   Thumb Code     0  printfa.o(i.__0printf)
    __ARM_fpclassify                         0x08003c5d   Thumb Code    48  fpclassify.o(i.__ARM_fpclassify)
    __hardfp_asin                            0x08003cb1   Thumb Code   770  asin.o(i.__hardfp_asin)
    __hardfp_atan                            0x08004011   Thumb Code   622  atan.o(i.__hardfp_atan)
    __hardfp_atan2                           0x080042e9   Thumb Code   432  atan2.o(i.__hardfp_atan2)
    __kernel_poly                            0x080044d9   Thumb Code   248  poly.o(i.__kernel_poly)
    __mathlib_dbl_infnan                     0x080045d1   Thumb Code    20  dunder.o(i.__mathlib_dbl_infnan)
    __mathlib_dbl_infnan2                    0x080045e5   Thumb Code    20  dunder.o(i.__mathlib_dbl_infnan2)
    __mathlib_dbl_invalid                    0x080045f9   Thumb Code    24  dunder.o(i.__mathlib_dbl_invalid)
    __mathlib_dbl_underflow                  0x08004619   Thumb Code    24  dunder.o(i.__mathlib_dbl_underflow)
    __scatterload_copy                       0x08004639   Thumb Code    14  handlers.o(i.__scatterload_copy)
    __scatterload_null                       0x08004647   Thumb Code     2  handlers.o(i.__scatterload_null)
    __scatterload_zeroinit                   0x08004649   Thumb Code    14  handlers.o(i.__scatterload_zeroinit)
    __set_errno                              0x08004659   Thumb Code     6  errno.o(i.__set_errno)
    atan                                     0x08004ef7   Thumb Code    16  atan.o(i.atan)
    dmp_read_fifo                            0x08004f09   Thumb Code   324  inv_mpu_dmp_motion_driver.o(i.dmp_read_fifo)
    fabs                                     0x08005051   Thumb Code    24  fabs.o(i.fabs)
    fputc                                    0x08005069   Thumb Code    20  main.o(i.fputc)
    get_ms                                   0x08005081   Thumb Code     2  inv_mpu.o(i.get_ms)
    main                                     0x08005085   Thumb Code   364  main.o(i.main)
    mpu_dmp_get_data                         0x08005259   Thumb Code   364  mpu6050driver.o(i.mpu_dmp_get_data)
    mpu_read_fifo_stream                     0x080053d5   Thumb Code   140  inv_mpu.o(i.mpu_read_fifo_stream)
    mpu_reset_fifo                           0x08005465   Thumb Code   346  inv_mpu.o(i.mpu_reset_fifo)
    oled_LOGO                                0x080055c5   Thumb Code    94  oled.o(i.oled_LOGO)
    oled_clear                               0x08005629   Thumb Code    60  oled.o(i.oled_clear)
    oled_drawpoint                           0x08005669   Thumb Code    66  oled.o(i.oled_drawpoint)
    oled_init                                0x080056b1   Thumb Code   282  oled.o(i.oled_init)
    oled_refresh_gram                        0x080057d1   Thumb Code    46  oled.o(i.oled_refresh_gram)
    oled_write_byte                          0x08005831   Thumb Code    88  oled.o(i.oled_write_byte)
    sqrt                                     0x0800588d   Thumb Code   110  sqrt.o(i.sqrt)
    asc2_1206                                0x080058fa   Data        1140  oled.o(.constdata)
    LOGO_BMP                                 0x08005d6e   Data        1024  oled.o(.constdata)
    reg                                      0x0800616e   Data          27  inv_mpu.o(.constdata)
    hw                                       0x0800618a   Data          12  inv_mpu.o(.constdata)
    test                                     0x08006198   Data          40  inv_mpu.o(.constdata)
    AHBPrescTable                            0x080061c8   Data          16  system_stm32f4xx.o(.constdata)
    APBPrescTable                            0x080061d8   Data           8  system_stm32f4xx.o(.constdata)
    __mathlib_zero                           0x080062c8   Data           8  qnan.o(.constdata)
    Region$$Table$$Base                      0x080062d0   Number         0  anon$$obj.o(Region$$Table)
    Region$$Table$$Limit                     0x080062f0   Number         0  anon$$obj.o(Region$$Table)
    yaw_acc_error                            0x20000030   Data           4  mpu6050driver.o(.data)
    ACX                                      0x20000038   Data           8  mpu6050driver.o(.data)
    ACY                                      0x20000040   Data           8  mpu6050driver.o(.data)
    ACZ                                      0x20000048   Data           8  mpu6050driver.o(.data)
    dianyuan                                 0x2000005c   Data           4  main.o(.data)
    pitch                                    0x20000060   Data           4  main.o(.data)
    roll                                     0x20000064   Data           4  main.o(.data)
    yaw                                      0x20000068   Data           4  main.o(.data)
    uwTickFreq                               0x2000006c   Data           1  stm32f4xx_hal.o(.data)
    uwTickPrio                               0x20000070   Data           4  stm32f4xx_hal.o(.data)
    uwTick                                   0x20000074   Data           4  stm32f4xx_hal.o(.data)
    SystemCoreClock                          0x20000078   Data           4  system_stm32f4xx.o(.data)
    __stdout                                 0x2000007c   Data           4  stdout.o(.data)
    ADC_Value                                0x20000494   Data          40  main.o(.bss)
    hadc1                                    0x200004bc   Data          72  adc.o(.bss)
    hdma_adc1                                0x20000504   Data          96  adc.o(.bss)
    hi2c1                                    0x20000564   Data          84  i2c.o(.bss)
    htim1                                    0x200005b8   Data          64  tim.o(.bss)
    htim2                                    0x200005f8   Data          64  tim.o(.bss)
    htim3                                    0x20000638   Data          64  tim.o(.bss)
    htim4                                    0x20000678   Data          64  tim.o(.bss)
    htim5                                    0x200006b8   Data          64  tim.o(.bss)
    htim12                                   0x200006f8   Data          64  tim.o(.bss)
    huart1                                   0x20000738   Data          64  usart.o(.bss)
    huart2                                   0x20000778   Data          64  usart.o(.bss)
    huart3                                   0x200007b8   Data          64  usart.o(.bss)
    __initial_sp                             0x20000bf8   Data           0  startup_stm32f407xx.o(STACK)



==============================================================================

Memory Map of the image

  Image Entry point : 0x08000189

  Load Region LR_IROM1 (Base: 0x08000000, Size: 0x00006374, Max: 0x00080000, ABSOLUTE)

    Execution Region ER_IROM1 (Base: 0x08000000, Size: 0x000062f0, Max: 0x00080000, ABSOLUTE)

    Base Addr    Size         Type   Attr      Idx    E Section Name        Object

    0x08000000   0x00000188   Data   RO            3    RESET               startup_stm32f407xx.o
    0x08000188   0x00000000   Code   RO         4587  * .ARM.Collect$$$$00000000  mc_w.l(entry.o)
    0x08000188   0x00000004   Code   RO         4922    .ARM.Collect$$$$00000001  mc_w.l(entry2.o)
    0x0800018c   0x00000004   Code   RO         4925    .ARM.Collect$$$$00000004  mc_w.l(entry5.o)
    0x08000190   0x00000000   Code   RO         4927    .ARM.Collect$$$$00000008  mc_w.l(entry7b.o)
    0x08000190   0x00000000   Code   RO         4929    .ARM.Collect$$$$0000000A  mc_w.l(entry8b.o)
    0x08000190   0x00000008   Code   RO         4930    .ARM.Collect$$$$0000000B  mc_w.l(entry9a.o)
    0x08000198   0x00000000   Code   RO         4932    .ARM.Collect$$$$0000000D  mc_w.l(entry10a.o)
    0x08000198   0x00000000   Code   RO         4934    .ARM.Collect$$$$0000000F  mc_w.l(entry11a.o)
    0x08000198   0x00000004   Code   RO         4923    .ARM.Collect$$$$00002712  mc_w.l(entry2.o)
    0x0800019c   0x00000024   Code   RO            4    .text               startup_stm32f407xx.o
    0x080001c0   0x00000062   Code   RO         4590    .text               mc_w.l(uldiv.o)
    0x08000222   0x00000024   Code   RO         4594    .text               mc_w.l(memseta.o)
    0x08000246   0x0000014e   Code   RO         4859    .text               mf_w.l(dadd.o)
    0x08000394   0x000000e4   Code   RO         4861    .text               mf_w.l(dmul.o)
    0x08000478   0x000000de   Code   RO         4863    .text               mf_w.l(ddiv.o)
    0x08000556   0x00000026   Code   RO         4867    .text               mf_w.l(f2d.o)
    0x0800057c   0x00000038   Code   RO         4869    .text               mf_w.l(d2f.o)
    0x080005b4   0x0000002c   Code   RO         4937    .text               mc_w.l(uidiv.o)
    0x080005e0   0x0000001e   Code   RO         4939    .text               mc_w.l(llshl.o)
    0x080005fe   0x00000020   Code   RO         4941    .text               mc_w.l(llushr.o)
    0x0800061e   0x00000024   Code   RO         4943    .text               mc_w.l(llsshr.o)
    0x08000642   0x00000000   Code   RO         4952    .text               mc_w.l(iusefp.o)
    0x08000642   0x0000006e   Code   RO         4953    .text               mf_w.l(fepilogue.o)
    0x080006b0   0x000000ba   Code   RO         4955    .text               mf_w.l(depilogue.o)
    0x0800076a   0x00000030   Code   RO         4959    .text               mf_w.l(dfixul.o)
    0x0800079a   0x00000002   PAD
    0x0800079c   0x00000030   Code   RO         4961    .text               mf_w.l(cdrcmple.o)
    0x080007cc   0x00000024   Code   RO         4963    .text               mc_w.l(init.o)
    0x080007f0   0x000000a2   Code   RO         4965    .text               mf_w.l(dsqrt.o)
    0x08000892   0x0000006e   Code   RO         1420    i.ADC_DMAConvCplt   stm32f4xx_hal_adc.o
    0x08000900   0x00000016   Code   RO         1421    i.ADC_DMAError      stm32f4xx_hal_adc.o
    0x08000916   0x0000000a   Code   RO         1422    i.ADC_DMAHalfConvCplt  stm32f4xx_hal_adc.o
    0x08000920   0x0000000c   Code   RO         1296    i.ADC_IRQHandler    stm32f4xx_it.o
    0x0800092c   0x00000128   Code   RO         1423    i.ADC_Init          stm32f4xx_hal_adc.o
    0x08000a54   0x00000002   Code   RO         1297    i.BusFault_Handler  stm32f4xx_it.o
    0x08000a56   0x00000002   PAD
    0x08000a58   0x0000000c   Code   RO         1298    i.DMA2_Stream0_IRQHandler  stm32f4xx_it.o
    0x08000a64   0x00000028   Code   RO         2154    i.DMA_CalcBaseAndBitshift  stm32f4xx_hal_dma.o
    0x08000a8c   0x00000054   Code   RO         2155    i.DMA_CheckFifoParam  stm32f4xx_hal_dma.o
    0x08000ae0   0x00000028   Code   RO         2156    i.DMA_SetConfig     stm32f4xx_hal_dma.o
    0x08000b08   0x00000002   Code   RO         1299    i.DebugMon_Handler  stm32f4xx_it.o
    0x08000b0a   0x00000004   Code   RO          922    i.Error_Handler     main.o
    0x08000b0e   0x00000002   Code   RO         1594    i.HAL_ADCEx_InjectedConvCpltCallback  stm32f4xx_hal_adc_ex.o
    0x08000b10   0x0000014c   Code   RO         1425    i.HAL_ADC_ConfigChannel  stm32f4xx_hal_adc.o
    0x08000c5c   0x00000002   Code   RO         1426    i.HAL_ADC_ConvCpltCallback  stm32f4xx_hal_adc.o
    0x08000c5e   0x00000002   Code   RO         1427    i.HAL_ADC_ConvHalfCpltCallback  stm32f4xx_hal_adc.o
    0x08000c60   0x00000002   Code   RO         1429    i.HAL_ADC_ErrorCallback  stm32f4xx_hal_adc.o
    0x08000c62   0x0000013c   Code   RO         1433    i.HAL_ADC_IRQHandler  stm32f4xx_hal_adc.o
    0x08000d9e   0x00000054   Code   RO         1434    i.HAL_ADC_Init      stm32f4xx_hal_adc.o
    0x08000df2   0x00000002   Code   RO         1435    i.HAL_ADC_LevelOutOfWindowCallback  stm32f4xx_hal_adc.o
    0x08000df4   0x000000ac   Code   RO         1033    i.HAL_ADC_MspInit   adc.o
    0x08000ea0   0x00000130   Code   RO         1441    i.HAL_ADC_Start_DMA  stm32f4xx_hal_adc.o
    0x08000fd0   0x000001a0   Code   RO         2162    i.HAL_DMA_IRQHandler  stm32f4xx_hal_dma.o
    0x08001170   0x000000d4   Code   RO         2163    i.HAL_DMA_Init      stm32f4xx_hal_dma.o
    0x08001244   0x0000006e   Code   RO         2167    i.HAL_DMA_Start_IT  stm32f4xx_hal_dma.o
    0x080012b2   0x00000002   PAD
    0x080012b4   0x00000024   Code   RO         2576    i.HAL_Delay         stm32f4xx_hal.o
    0x080012d8   0x000001b8   Code   RO         2050    i.HAL_GPIO_Init     stm32f4xx_hal_gpio.o
    0x08001490   0x0000000e   Code   RO         2053    i.HAL_GPIO_TogglePin  stm32f4xx_hal_gpio.o
    0x0800149e   0x0000000a   Code   RO         2054    i.HAL_GPIO_WritePin  stm32f4xx_hal_gpio.o
    0x080014a8   0x0000000c   Code   RO         2582    i.HAL_GetTick       stm32f4xx_hal.o
    0x080014b4   0x00000006   Code   RO         2837    i.HAL_I2C_GetState  stm32f4xx_hal_i2c.o
    0x080014ba   0x00000002   PAD
    0x080014bc   0x00000188   Code   RO         2838    i.HAL_I2C_Init      stm32f4xx_hal_i2c.o
    0x08001644   0x0000016c   Code   RO         2839    i.HAL_I2C_IsDeviceReady  stm32f4xx_hal_i2c.o
    0x080017b0   0x000001f8   Code   RO         2856    i.HAL_I2C_Mem_Read  stm32f4xx_hal_i2c.o
    0x080019a8   0x00000130   Code   RO         2859    i.HAL_I2C_Mem_Write  stm32f4xx_hal_i2c.o
    0x08001ad8   0x00000068   Code   RO         1099    i.HAL_I2C_MspInit   i2c.o
    0x08001b40   0x00000010   Code   RO         2588    i.HAL_IncTick       stm32f4xx_hal.o
    0x08001b50   0x00000034   Code   RO         2589    i.HAL_Init          stm32f4xx_hal.o
    0x08001b84   0x00000040   Code   RO         2590    i.HAL_InitTick      stm32f4xx_hal.o
    0x08001bc4   0x00000030   Code   RO         1396    i.HAL_MspInit       stm32f4xx_hal_msp.o
    0x08001bf4   0x0000001a   Code   RO         2439    i.HAL_NVIC_EnableIRQ  stm32f4xx_hal_cortex.o
    0x08001c0e   0x00000002   PAD
    0x08001c10   0x00000040   Code   RO         2445    i.HAL_NVIC_SetPriority  stm32f4xx_hal_cortex.o
    0x08001c50   0x00000024   Code   RO         2446    i.HAL_NVIC_SetPriorityGrouping  stm32f4xx_hal_cortex.o
    0x08001c74   0x00000134   Code   RO         1696    i.HAL_RCC_ClockConfig  stm32f4xx_hal_rcc.o
    0x08001da8   0x00000020   Code   RO         1703    i.HAL_RCC_GetPCLK1Freq  stm32f4xx_hal_rcc.o
    0x08001dc8   0x00000020   Code   RO         1704    i.HAL_RCC_GetPCLK2Freq  stm32f4xx_hal_rcc.o
    0x08001de8   0x00000060   Code   RO         1705    i.HAL_RCC_GetSysClockFreq  stm32f4xx_hal_rcc.o
    0x08001e48   0x0000035c   Code   RO         1708    i.HAL_RCC_OscConfig  stm32f4xx_hal_rcc.o
    0x080021a4   0x00000028   Code   RO         2450    i.HAL_SYSTICK_Config  stm32f4xx_hal_cortex.o
    0x080021cc   0x00000002   Code   RO         3949    i.HAL_TIMEx_BreakCallback  stm32f4xx_hal_tim_ex.o
    0x080021ce   0x00000002   Code   RO         3950    i.HAL_TIMEx_CommutCallback  stm32f4xx_hal_tim_ex.o
    0x080021d0   0x00000054   Code   RO         3952    i.HAL_TIMEx_ConfigBreakDeadTime  stm32f4xx_hal_tim_ex.o
    0x08002224   0x00000090   Code   RO         3967    i.HAL_TIMEx_MasterConfigSynchronization  stm32f4xx_hal_tim_ex.o
    0x080022b4   0x00000036   Code   RO         3274    i.HAL_TIM_Base_Init  stm32f4xx_hal_tim.o
    0x080022ea   0x00000002   PAD
    0x080022ec   0x00000064   Code   RO         1141    i.HAL_TIM_Base_MspInit  tim.o
    0x08002350   0x00000022   Code   RO         3279    i.HAL_TIM_Base_Start_IT  stm32f4xx_hal_tim.o
    0x08002372   0x000000d6   Code   RO         3283    i.HAL_TIM_ConfigClockSource  stm32f4xx_hal_tim.o
    0x08002448   0x00000098   Code   RO         3292    i.HAL_TIM_Encoder_Init  stm32f4xx_hal_tim.o
    0x080024e0   0x000000d4   Code   RO         1143    i.HAL_TIM_Encoder_MspInit  tim.o
    0x080025b4   0x0000005c   Code   RO         3297    i.HAL_TIM_Encoder_Start_IT  stm32f4xx_hal_tim.o
    0x08002610   0x00000002   Code   RO         3303    i.HAL_TIM_IC_CaptureCallback  stm32f4xx_hal_tim.o
    0x08002612   0x00000166   Code   RO         3317    i.HAL_TIM_IRQHandler  stm32f4xx_hal_tim.o
    0x08002778   0x00000054   Code   RO         1144    i.HAL_TIM_MspPostInit  tim.o
    0x080027cc   0x00000002   Code   RO         3320    i.HAL_TIM_OC_DelayElapsedCallback  stm32f4xx_hal_tim.o
    0x080027ce   0x000000d0   Code   RO         3341    i.HAL_TIM_PWM_ConfigChannel  stm32f4xx_hal_tim.o
    0x0800289e   0x00000036   Code   RO         3344    i.HAL_TIM_PWM_Init  stm32f4xx_hal_tim.o
    0x080028d4   0x00000028   Code   RO         1146    i.HAL_TIM_PWM_MspInit  tim.o
    0x080028fc   0x00000002   Code   RO         3347    i.HAL_TIM_PWM_PulseFinishedCallback  stm32f4xx_hal_tim.o
    0x080028fe   0x00000002   PAD
    0x08002900   0x00000044   Code   RO         3349    i.HAL_TIM_PWM_Start  stm32f4xx_hal_tim.o
    0x08002944   0x00000002   Code   RO          923    i.HAL_TIM_PeriodElapsedCallback  main.o
    0x08002946   0x00000002   Code   RO         3360    i.HAL_TIM_TriggerCallback  stm32f4xx_hal_tim.o
    0x08002948   0x00000062   Code   RO         4225    i.HAL_UART_Init     stm32f4xx_hal_uart.o
    0x080029aa   0x00000002   PAD
    0x080029ac   0x000000e8   Code   RO         1243    i.HAL_UART_MspInit  usart.o
    0x08002a94   0x000000ba   Code   RO         4233    i.HAL_UART_Transmit  stm32f4xx_hal_uart.o
    0x08002b4e   0x00000002   PAD
    0x08002b50   0x00000034   Code   RO          828    i.HAL_i2c_read      mpu6050driver.o
    0x08002b84   0x00000030   Code   RO          829    i.HAL_i2c_write     mpu6050driver.o
    0x08002bb4   0x00000002   Code   RO         1300    i.HardFault_Handler  stm32f4xx_it.o
    0x08002bb6   0x0000002e   Code   RO         2880    i.I2C_IsAcknowledgeFailed  stm32f4xx_hal_i2c.o
    0x08002be4   0x000000fc   Code   RO         2890    i.I2C_RequestMemoryRead  stm32f4xx_hal_i2c.o
    0x08002ce0   0x000000a8   Code   RO         2891    i.I2C_RequestMemoryWrite  stm32f4xx_hal_i2c.o
    0x08002d88   0x0000004c   Code   RO         2894    i.I2C_WaitOnBTFFlagUntilTimeout  stm32f4xx_hal_i2c.o
    0x08002dd4   0x00000068   Code   RO         2895    i.I2C_WaitOnFlagUntilTimeout  stm32f4xx_hal_i2c.o
    0x08002e3c   0x00000096   Code   RO         2896    i.I2C_WaitOnMasterAddressFlagUntilTimeout  stm32f4xx_hal_i2c.o
    0x08002ed2   0x00000066   Code   RO         2897    i.I2C_WaitOnRXNEFlagUntilTimeout  stm32f4xx_hal_i2c.o
    0x08002f38   0x0000004c   Code   RO         2898    i.I2C_WaitOnTXEFlagUntilTimeout  stm32f4xx_hal_i2c.o
    0x08002f84   0x00000208   Code   RO          830    i.MPU_6050_Init     mpu6050driver.o
    0x0800318c   0x0000005c   Code   RO          831    i.MPU_Set_LPF       mpu6050driver.o
    0x080031e8   0x00000064   Code   RO         1034    i.MX_ADC1_Init      adc.o
    0x0800324c   0x0000002c   Code   RO         1074    i.MX_DMA_Init       dma.o
    0x08003278   0x000000e8   Code   RO         1008    i.MX_GPIO_Init      gpio.o
    0x08003360   0x00000040   Code   RO         1100    i.MX_I2C1_Init      i2c.o
    0x080033a0   0x0000004c   Code   RO         1147    i.MX_TIM12_Init     tim.o
    0x080033ec   0x000000d0   Code   RO         1148    i.MX_TIM1_Init      tim.o
    0x080034bc   0x00000068   Code   RO         1149    i.MX_TIM2_Init      tim.o
    0x08003524   0x00000068   Code   RO         1150    i.MX_TIM3_Init      tim.o
    0x0800358c   0x00000068   Code   RO         1151    i.MX_TIM4_Init      tim.o
    0x080035f4   0x00000068   Code   RO         1152    i.MX_TIM5_Init      tim.o
    0x0800365c   0x00000038   Code   RO         1244    i.MX_USART1_UART_Init  usart.o
    0x08003694   0x00000038   Code   RO         1245    i.MX_USART2_UART_Init  usart.o
    0x080036cc   0x00000038   Code   RO         1246    i.MX_USART3_UART_Init  usart.o
    0x08003704   0x00000002   Code   RO         1301    i.MemManage_Handler  stm32f4xx_it.o
    0x08003706   0x00000002   Code   RO         1302    i.NMI_Handler       stm32f4xx_it.o
    0x08003708   0x00000002   Code   RO         1303    i.PendSV_Handler    stm32f4xx_it.o
    0x0800370a   0x00000002   Code   RO         1304    i.SVC_Handler       stm32f4xx_it.o
    0x0800370c   0x00000004   Code   RO         1305    i.SysTick_Handler   stm32f4xx_it.o
    0x08003710   0x00000094   Code   RO          925    i.SystemClock_Config  main.o
    0x080037a4   0x0000001c   Code   RO         4527    i.SystemInit        system_stm32f4xx.o
    0x080037c0   0x0000000c   Code   RO         1306    i.TIM5_IRQHandler   stm32f4xx_it.o
    0x080037cc   0x0000000c   Code   RO         1307    i.TIM8_BRK_TIM12_IRQHandler  stm32f4xx_it.o
    0x080037d8   0x000000c8   Code   RO         3362    i.TIM_Base_SetConfig  stm32f4xx_hal_tim.o
    0x080038a0   0x0000001a   Code   RO         3363    i.TIM_CCxChannelCmd  stm32f4xx_hal_tim.o
    0x080038ba   0x00000014   Code   RO         3373    i.TIM_ETR_SetConfig  stm32f4xx_hal_tim.o
    0x080038ce   0x00000010   Code   RO         3374    i.TIM_ITRx_SetConfig  stm32f4xx_hal_tim.o
    0x080038de   0x00000002   PAD
    0x080038e0   0x00000060   Code   RO         3375    i.TIM_OC1_SetConfig  stm32f4xx_hal_tim.o
    0x08003940   0x0000006c   Code   RO         3376    i.TIM_OC2_SetConfig  stm32f4xx_hal_tim.o
    0x080039ac   0x00000068   Code   RO         3377    i.TIM_OC3_SetConfig  stm32f4xx_hal_tim.o
    0x08003a14   0x00000050   Code   RO         3378    i.TIM_OC4_SetConfig  stm32f4xx_hal_tim.o
    0x08003a64   0x00000022   Code   RO         3380    i.TIM_TI1_ConfigInputStage  stm32f4xx_hal_tim.o
    0x08003a86   0x00000024   Code   RO         3382    i.TIM_TI2_ConfigInputStage  stm32f4xx_hal_tim.o
    0x08003aaa   0x00000002   PAD
    0x08003aac   0x00000128   Code   RO         4251    i.UART_SetConfig    stm32f4xx_hal_uart.o
    0x08003bd4   0x00000064   Code   RO         4253    i.UART_WaitOnFlagUntilTimeout  stm32f4xx_hal_uart.o
    0x08003c38   0x00000002   Code   RO         1308    i.UsageFault_Handler  stm32f4xx_it.o
    0x08003c3a   0x00000002   PAD
    0x08003c3c   0x00000020   Code   RO         4831    i.__0printf         mc_w.l(printfa.o)
    0x08003c5c   0x00000030   Code   RO         4905    i.__ARM_fpclassify  m_wm.l(fpclassify.o)
    0x08003c8c   0x00000020   Code   RO         2452    i.__NVIC_SetPriority  stm32f4xx_hal_cortex.o
    0x08003cac   0x00000004   PAD
    0x08003cb0   0x00000360   Code   RO         4561    i.__hardfp_asin     m_wm.l(asin.o)
    0x08004010   0x000002d8   Code   RO         4871    i.__hardfp_atan     m_wm.l(atan.o)
    0x080042e8   0x000001f0   Code   RO         4575    i.__hardfp_atan2    m_wm.l(atan2.o)
    0x080044d8   0x000000f8   Code   RO         4907    i.__kernel_poly     m_wm.l(poly.o)
    0x080045d0   0x00000014   Code   RO         4886    i.__mathlib_dbl_infnan  m_wm.l(dunder.o)
    0x080045e4   0x00000014   Code   RO         4887    i.__mathlib_dbl_infnan2  m_wm.l(dunder.o)
    0x080045f8   0x00000020   Code   RO         4888    i.__mathlib_dbl_invalid  m_wm.l(dunder.o)
    0x08004618   0x00000020   Code   RO         4891    i.__mathlib_dbl_underflow  m_wm.l(dunder.o)
    0x08004638   0x0000000e   Code   RO         4971    i.__scatterload_copy  mc_w.l(handlers.o)
    0x08004646   0x00000002   Code   RO         4972    i.__scatterload_null  mc_w.l(handlers.o)
    0x08004648   0x0000000e   Code   RO         4973    i.__scatterload_zeroinit  mc_w.l(handlers.o)
    0x08004656   0x00000002   PAD
    0x08004658   0x0000000c   Code   RO         4947    i.__set_errno       mc_w.l(errno.o)
    0x08004664   0x00000164   Code   RO         4838    i._fp_digits        mc_w.l(printfa.o)
    0x080047c8   0x000006dc   Code   RO         4839    i._printf_core      mc_w.l(printfa.o)
    0x08004ea4   0x00000024   Code   RO         4840    i._printf_post_padding  mc_w.l(printfa.o)
    0x08004ec8   0x0000002e   Code   RO         4841    i._printf_pre_padding  mc_w.l(printfa.o)
    0x08004ef6   0x00000010   Code   RO         4873    i.atan              m_wm.l(atan.o)
    0x08004f06   0x00000002   PAD
    0x08004f08   0x00000148   Code   RO          652    i.dmp_read_fifo     inv_mpu_dmp_motion_driver.o
    0x08005050   0x00000018   Code   RO         4901    i.fabs              m_wm.l(fabs.o)
    0x08005068   0x00000018   Code   RO          926    i.fputc             main.o
    0x08005080   0x00000002   Code   RO          320    i.get_ms            inv_mpu.o
    0x08005082   0x00000002   PAD
    0x08005084   0x000001d4   Code   RO          927    i.main              main.o
    0x08005258   0x0000017c   Code   RO          834    i.mpu_dmp_get_data  mpu6050driver.o
    0x080053d4   0x00000090   Code   RO          345    i.mpu_read_fifo_stream  inv_mpu.o
    0x08005464   0x00000160   Code   RO          349    i.mpu_reset_fifo    inv_mpu.o
    0x080055c4   0x00000064   Code   RO           14    i.oled_LOGO         oled.o
    0x08005628   0x00000040   Code   RO           15    i.oled_clear        oled.o
    0x08005668   0x00000048   Code   RO           19    i.oled_drawpoint    oled.o
    0x080056b0   0x00000120   Code   RO           20    i.oled_init         oled.o
    0x080057d0   0x00000034   Code   RO           22    i.oled_refresh_gram  oled.o
    0x08005804   0x0000002a   Code   RO           23    i.oled_set_pos      oled.o
    0x0800582e   0x00000002   PAD
    0x08005830   0x0000005c   Code   RO           27    i.oled_write_byte   oled.o
    0x0800588c   0x0000006e   Code   RO         4912    i.sqrt              m_wm.l(sqrt.o)
    0x080058fa   0x00000874   Data   RO           29    .constdata          oled.o
    0x0800616e   0x0000001b   Data   RO          364    .constdata          inv_mpu.o
    0x08006189   0x00000001   PAD
    0x0800618a   0x0000000c   Data   RO          365    .constdata          inv_mpu.o
    0x08006196   0x00000002   PAD
    0x08006198   0x00000028   Data   RO          366    .constdata          inv_mpu.o
    0x080061c0   0x00000008   Data   RO         2169    .constdata          stm32f4xx_hal_dma.o
    0x080061c8   0x00000010   Data   RO         4528    .constdata          system_stm32f4xx.o
    0x080061d8   0x00000008   Data   RO         4529    .constdata          system_stm32f4xx.o
    0x080061e0   0x00000050   Data   RO         4564    .constdata          m_wm.l(asin.o)
    0x08006230   0x00000098   Data   RO         4874    .constdata          m_wm.l(atan.o)
    0x080062c8   0x00000008   Data   RO         4909    .constdata          m_wm.l(qnan.o)
    0x080062d0   0x00000020   Data   RO         4969    Region$$Table       anon$$obj.o


    Execution Region RW_IRAM1 (Base: 0x20000000, Size: 0x00000bf8, Max: 0x00020000, ABSOLUTE)

    Base Addr    Size         Type   Attr      Idx    E Section Name        Object

    0x20000000   0x0000002c   Data   RW          368    .data               inv_mpu.o
    0x2000002c   0x00000004   PAD
    0x20000030   0x00000029   Data   RW          839    .data               mpu6050driver.o
    0x20000059   0x00000003   PAD
    0x2000005c   0x00000010   Data   RW          931    .data               main.o
    0x2000006c   0x0000000c   Data   RW         2596    .data               stm32f4xx_hal.o
    0x20000078   0x00000004   Data   RW         4530    .data               system_stm32f4xx.o
    0x2000007c   0x00000004   Data   RW         4936    .data               mc_w.l(stdout.o)
    0x20000080   0x00000004   Data   RW         4948    .data               mc_w.l(errno.o)
    0x20000084   0x00000400   Zero   RW           28    .bss                oled.o
    0x20000484   0x00000010   Zero   RW          670    .bss                inv_mpu_dmp_motion_driver.o
    0x20000494   0x00000028   Zero   RW          930    .bss                main.o
    0x200004bc   0x000000a8   Zero   RW         1035    .bss                adc.o
    0x20000564   0x00000054   Zero   RW         1101    .bss                i2c.o
    0x200005b8   0x00000180   Zero   RW         1153    .bss                tim.o
    0x20000738   0x000000c0   Zero   RW         1247    .bss                usart.o
    0x200007f8   0x00000400   Zero   RW            1    STACK               startup_stm32f407xx.o


==============================================================================

Image component sizes


      Code (inc. data)   RO Data    RW Data    ZI Data      Debug   Object Name

       272         36          0          0        168       1663   adc.o
        44          4          0          0          0        730   dma.o
       232         18          0          0          0       1007   gpio.o
       168         26          0          0         84       1561   i2c.o
       498         10         79         44          0       6671   inv_mpu.o
       328          4          0          0         16       7291   inv_mpu_dmp_motion_driver.o
       646        116          0         16         40       4614   main.o
      1092         80          0         41          0       5875   mpu6050driver.o
       710         32       2164          0       1024     720213   oled.o
        36          8        392          0       1024        824   startup_stm32f407xx.o
       180         28          0         12          0       9237   stm32f4xx_hal.o
      1482         64          0          0          0       8269   stm32f4xx_hal_adc.o
         2          0          0          0          0        961   stm32f4xx_hal_adc_ex.o
       198         14          0          0          0      33519   stm32f4xx_hal_cortex.o
       902         16          8          0          0       5059   stm32f4xx_hal_dma.o
       464         46          0          0          0       2701   stm32f4xx_hal_gpio.o
      2544         62          0          0          0      12641   stm32f4xx_hal_i2c.o
        48          6          0          0          0        806   stm32f4xx_hal_msp.o
      1328         72          0          0          0       4928   stm32f4xx_hal_rcc.o
      1962         90          0          0          0      16154   stm32f4xx_hal_tim.o
       232         28          0          0          0       3105   stm32f4xx_hal_tim_ex.o
       680         10          0          0          0       3564   stm32f4xx_hal_uart.o
        68         24          0          0          0       5779   stm32f4xx_it.o
        28          6         24          4          0       1095   system_stm32f4xx.o
      1136        102          0          0        384       6751   tim.o
       400         50          0          0        192       2936   usart.o

    ----------------------------------------------------------------------
     15710        952       2702        124       2932     867954   Object Totals
         0          0         32          0          0          0   (incl. Generated)
        30          0          3          7          0          0   (incl. Padding)

    ----------------------------------------------------------------------

      Code (inc. data)   RO Data    RW Data    ZI Data      Debug   Library Member Name

       864         94         80          0          0        280   asin.o
       744        106        152          0          0        352   atan.o
       496         64          0          0          0        192   atan2.o
       104         16          0          0          0        496   dunder.o
        24          0          0          0          0        124   fabs.o
        48          0          0          0          0        124   fpclassify.o
       248          0          0          0          0        152   poly.o
         0          0          8          0          0          0   qnan.o
       110          0          0          0          0        148   sqrt.o
         0          0          0          0          0          0   entry.o
         0          0          0          0          0          0   entry10a.o
         0          0          0          0          0          0   entry11a.o
         8          4          0          0          0          0   entry2.o
         4          0          0          0          0          0   entry5.o
         0          0          0          0          0          0   entry7b.o
         0          0          0          0          0          0   entry8b.o
         8          4          0          0          0          0   entry9a.o
        12          6          0          4          0         68   errno.o
        30          0          0          0          0          0   handlers.o
        36          8          0          0          0         68   init.o
         0          0          0          0          0          0   iusefp.o
        30          0          0          0          0         68   llshl.o
        36          0          0          0          0         68   llsshr.o
        32          0          0          0          0         68   llushr.o
        36          0          0          0          0        108   memseta.o
      2226         90          0          0          0        444   printfa.o
         0          0          0          4          0          0   stdout.o
        44          0          0          0          0         80   uidiv.o
        98          0          0          0          0         92   uldiv.o
        48          0          0          0          0         68   cdrcmple.o
        56          0          0          0          0         88   d2f.o
       334          0          0          0          0        148   dadd.o
       222          0          0          0          0        100   ddiv.o
       186          0          0          0          0        176   depilogue.o
        48          0          0          0          0         68   dfixul.o
       228          0          0          0          0         96   dmul.o
       162          0          0          0          0        100   dsqrt.o
        38          0          0          0          0         68   f2d.o
       110          0          0          0          0        168   fepilogue.o

    ----------------------------------------------------------------------
      6676        392        240          8          0       4012   Library Totals
         6          0          0          0          0          0   (incl. Padding)

    ----------------------------------------------------------------------

      Code (inc. data)   RO Data    RW Data    ZI Data      Debug   Library Name

      2638        280        240          0          0       1868   m_wm.l
      2600        112          0          8          0       1064   mc_w.l
      1432          0          0          0          0       1080   mf_w.l

    ----------------------------------------------------------------------
      6676        392        240          8          0       4012   Library Totals

    ----------------------------------------------------------------------

==============================================================================


      Code (inc. data)   RO Data    RW Data    ZI Data      Debug   

     22386       1344       2942        132       2932     857030   Grand Totals
     22386       1344       2942        132       2932     857030   ELF Image Totals
     22386       1344       2942        132          0          0   ROM Totals

==============================================================================

    Total RO  Size (Code + RO Data)                25328 (  24.73kB)
    Total RW  Size (RW Data + ZI Data)              3064 (   2.99kB)
    Total ROM Size (Code + RO Data + RW Data)      25460 (  24.86kB)

==============================================================================

